---
source: squirrel_lang/src/vm/compiler.rs
expression: actual_code
---
- code:
    - Class:
        data:
          inherits: false
        ctx:
          class_kw_span:
            start: Start
            end: End
          class_body_span:
            start: Start
            end: End
          extends_kw_ty_span: ~
    - Load:
        data:
          Const: 1
        ctx:
          start: Start
          end: End
    - Store:
        data:
          Reg: 1
        ctx:
          start: Start
          end: End
    - Load:
        data:
          Const: 2
        ctx:
          start: Start
          end: End
    - Set:
        Setf:
          - - 0
            - true
          - parent_span:
              start: Start
              end: End
            field_span:
              start: Start
              end: End
            assignment_span:
              start: Start
              end: End
            value_span:
              start: Start
              end: End
    - Load:
        data:
          Const: 3
        ctx:
          start: Start
          end: End
    - Store:
        data:
          Reg: 1
        ctx:
          start: Start
          end: End
    - Load:
        data:
          Const: 4
        ctx:
          start: Start
          end: End
    - Set:
        Setf:
          - - 0
            - true
          - parent_span:
              start: Start
              end: End
            field_span:
              start: Start
              end: End
            assignment_span:
              start: Start
              end: End
            value_span:
              start: Start
              end: End
    - Load:
        data:
          Reg: 0
        ctx:
          start: Start
          end: End
    - Set:
        Setc:
          - - 0
            - true
          - ident_span:
              start: Start
              end: End
            assignment_span:
              start: Start
              end: End
            value_span:
              start: Start
              end: End
    - Get:
        Getc:
          - 6
          - ident_span:
              start: Start
              end: End
    - Store:
        data:
          Reg: 2
        ctx:
          start: Start
          end: End
    - Load:
        data:
          Const: 5
        ctx:
          start: Start
          end: End
    - Store:
        data:
          Reg: 3
        ctx:
          start: Start
          end: End
    - Load:
        data:
          Const: 7
        ctx:
          start: Start
          end: End
    - Set:
        Setf:
          - - 2
            - true
          - parent_span:
              start: Start
              end: End
            field_span:
              start: Start
              end: End
            assignment_span:
              start: Start
              end: End
            value_span:
              start: Start
              end: End
    - Get:
        Getc:
          - 9
          - ident_span:
              start: Start
              end: End
    - Store:
        data:
          Reg: 4
        ctx:
          start: Start
          end: End
    - Load:
        data:
          Const: 8
        ctx:
          start: Start
          end: End
    - Store:
        data:
          Reg: 5
        ctx:
          start: Start
          end: End
    - Load:
        data:
          FunIdx: 0
        ctx:
          start: Start
          end: End
    - Set:
        Setf:
          - - 4
            - true
          - parent_span:
              start: Start
              end: End
            field_span:
              start: Start
              end: End
            assignment_span:
              start: Start
              end: End
            value_span:
              start: Start
              end: End
    - Misc:
        data: This
        ctx:
          start: Start
          end: End
    - Store:
        data:
          Reg: 7
        ctx:
          start: Start
          end: End
    - Get:
        Getc:
          - 10
          - ident_span:
              start: Start
              end: End
    - Store:
        data:
          Reg: 6
        ctx:
          start: Start
          end: End
    - Load:
        data:
          Reg: 6
        ctx:
          start: Start
          end: End
    - Call:
        data:
          reg: 7
          n_args: 0
        ctx:
          fn_span:
            start: Start
            end: End
          call_span:
            start: Start
            end: End
          args: []
    - Store:
        data:
          Local: 1
        ctx:
          start: Start
          end: End
    - Ret:
        data: Void
        ctx:
          start: Start
          end: End
  block_offsets:
    - 0
  constants:
    - String: Foo
    - String: a
    - Integer: 0
    - String: b
    - Integer: 0
    - String: c
    - String: Foo
    - Integer: 0
    - String: constructor
    - String: Foo
    - String: Foo
  is_varargs: true
  num_regs: 8
  num_params: 0
  locals:
    - NamedReg:
        - 0
        - vargv
    - NamedReg:
        - 1
        - fooinst
  num_locals: 0
