---
source: squirrel_lang/src/vm/compiler.rs
expression: actual_code
---
- code:
    - Load:
        data:
          Const: 1
        ctx:
          start: Start
          end: End
    - Set:
        Setc:
          - - 0
            - true
          - ident_span:
              start: Start
              end: End
            assignment_span:
              start: Start
              end: End
            value_span:
              start: Start
              end: End
    - Load:
        data:
          FunIdx: 0
        ctx:
          start: Start
          end: End
    - Set:
        Setc:
          - - 2
            - true
          - ident_span:
              start: Start
              end: End
            assignment_span:
              start: Start
              end: End
            value_span:
              start: Start
              end: End
    - Load:
        data:
          FunIdx: 1
        ctx:
          start: Start
          end: End
    - Set:
        Setc:
          - - 3
            - true
          - ident_span:
              start: Start
              end: End
            assignment_span:
              start: Start
              end: End
            value_span:
              start: Start
              end: End
    - Misc:
        data: Root
        ctx:
          start: Start
          end: End
    - Store:
        data:
          Reg: 1
        ctx:
          start: Start
          end: End
    - Get:
        Getfc:
          - 4
          - parent_span:
              start: Start
              end: End
            field_span:
              start: Start
              end: End
    - Store:
        data:
          Reg: 0
        ctx:
          start: Start
          end: End
    - Get:
        Getc:
          - 5
          - ident_span:
              start: Start
              end: End
    - Store:
        data:
          Reg: 3
        ctx:
          start: Start
          end: End
    - Load:
        data:
          Const: 6
        ctx:
          start: Start
          end: End
    - Arith:
        data:
          op: Add
          reg: 3
        ctx:
          lhs_span:
            start: Start
            end: End
          op_span:
            start: Start
            end: End
          rhs_span:
            start: Start
            end: End
    - Store:
        data:
          Reg: 2
        ctx:
          start: Start
          end: End
    - Load:
        data:
          Reg: 0
        ctx:
          start: Start
          end: End
    - Call:
        data:
          reg: 1
          n_args: 1
        ctx:
          fn_span:
            start: Start
            end: End
          call_span:
            start: Start
            end: End
          args:
            - start: Start
              end: End
    - Misc:
        data: This
        ctx:
          start: Start
          end: End
    - Store:
        data:
          Reg: 5
        ctx:
          start: Start
          end: End
    - Get:
        Getc:
          - 7
          - ident_span:
              start: Start
              end: End
    - Store:
        data:
          Reg: 4
        ctx:
          start: Start
          end: End
    - Load:
        data:
          Reg: 4
        ctx:
          start: Start
          end: End
    - Call:
        data:
          reg: 5
          n_args: 0
        ctx:
          fn_span:
            start: Start
            end: End
          call_span:
            start: Start
            end: End
          args: []
    - Misc:
        data: Root
        ctx:
          start: Start
          end: End
    - Store:
        data:
          Reg: 7
        ctx:
          start: Start
          end: End
    - Get:
        Getfc:
          - 8
          - parent_span:
              start: Start
              end: End
            field_span:
              start: Start
              end: End
    - Store:
        data:
          Reg: 6
        ctx:
          start: Start
          end: End
    - Get:
        Getc:
          - 9
          - ident_span:
              start: Start
              end: End
    - Store:
        data:
          Reg: 9
        ctx:
          start: Start
          end: End
    - Load:
        data:
          Const: 10
        ctx:
          start: Start
          end: End
    - Arith:
        data:
          op: Add
          reg: 9
        ctx:
          lhs_span:
            start: Start
            end: End
          op_span:
            start: Start
            end: End
          rhs_span:
            start: Start
            end: End
    - Store:
        data:
          Reg: 8
        ctx:
          start: Start
          end: End
    - Load:
        data:
          Reg: 6
        ctx:
          start: Start
          end: End
    - Call:
        data:
          reg: 7
          n_args: 1
        ctx:
          fn_span:
            start: Start
            end: End
          call_span:
            start: Start
            end: End
          args:
            - start: Start
              end: End
    - Misc:
        data: This
        ctx:
          start: Start
          end: End
    - Store:
        data:
          Reg: 11
        ctx:
          start: Start
          end: End
    - Get:
        Getc:
          - 11
          - ident_span:
              start: Start
              end: End
    - Store:
        data:
          Reg: 10
        ctx:
          start: Start
          end: End
    - Load:
        data:
          Reg: 10
        ctx:
          start: Start
          end: End
    - Call:
        data:
          reg: 11
          n_args: 0
        ctx:
          fn_span:
            start: Start
            end: End
          call_span:
            start: Start
            end: End
          args: []
    - Misc:
        data: Root
        ctx:
          start: Start
          end: End
    - Store:
        data:
          Reg: 13
        ctx:
          start: Start
          end: End
    - Get:
        Getfc:
          - 12
          - parent_span:
              start: Start
              end: End
            field_span:
              start: Start
              end: End
    - Store:
        data:
          Reg: 12
        ctx:
          start: Start
          end: End
    - Get:
        Getc:
          - 13
          - ident_span:
              start: Start
              end: End
    - Store:
        data:
          Reg: 15
        ctx:
          start: Start
          end: End
    - Load:
        data:
          Const: 14
        ctx:
          start: Start
          end: End
    - Arith:
        data:
          op: Add
          reg: 15
        ctx:
          lhs_span:
            start: Start
            end: End
          op_span:
            start: Start
            end: End
          rhs_span:
            start: Start
            end: End
    - Store:
        data:
          Reg: 14
        ctx:
          start: Start
          end: End
    - Load:
        data:
          Reg: 12
        ctx:
          start: Start
          end: End
    - Call:
        data:
          reg: 13
          n_args: 1
        ctx:
          fn_span:
            start: Start
            end: End
          call_span:
            start: Start
            end: End
          args:
            - start: Start
              end: End
    - Misc:
        data: Root
        ctx:
          start: Start
          end: End
    - Store:
        data:
          Reg: 17
        ctx:
          start: Start
          end: End
    - Get:
        Getfc:
          - 15
          - parent_span:
              start: Start
              end: End
            field_span:
              start: Start
              end: End
    - Store:
        data:
          Reg: 16
        ctx:
          start: Start
          end: End
    - Load:
        data:
          Const: 16
        ctx:
          start: Start
          end: End
    - Store:
        data:
          Reg: 18
        ctx:
          start: Start
          end: End
    - Load:
        data:
          Reg: 16
        ctx:
          start: Start
          end: End
    - Call:
        data:
          reg: 17
          n_args: 1
        ctx:
          fn_span:
            start: Start
            end: End
          call_span:
            start: Start
            end: End
          args:
            - start: Start
              end: End
    - Load:
        data:
          PrimType: EmptyTable
        ctx:
          start: Start
          end: End
    - Store:
        data:
          Reg: 19
        ctx:
          start: Start
          end: End
    - Load:
        data:
          Const: 18
        ctx:
          start: Start
          end: End
    - Store:
        data:
          Reg: 20
        ctx:
          start: Start
          end: End
    - Load:
        data:
          Const: 19
        ctx:
          start: Start
          end: End
    - Set:
        Setf:
          - - 19
            - true
          - parent_span:
              start: Start
              end: End
            field_span:
              start: Start
              end: End
            assignment_span:
              start: Start
              end: End
            value_span:
              start: Start
              end: End
    - Load:
        data:
          Const: 20
        ctx:
          start: Start
          end: End
    - Store:
        data:
          Reg: 20
        ctx:
          start: Start
          end: End
    - Load:
        data:
          FunIdx: 2
        ctx:
          start: Start
          end: End
    - Set:
        Setf:
          - - 19
            - true
          - parent_span:
              start: Start
              end: End
            field_span:
              start: Start
              end: End
            assignment_span:
              start: Start
              end: End
            value_span:
              start: Start
              end: End
    - Load:
        data:
          Const: 21
        ctx:
          start: Start
          end: End
    - Store:
        data:
          Reg: 20
        ctx:
          start: Start
          end: End
    - Load:
        data:
          FunIdx: 3
        ctx:
          start: Start
          end: End
    - Set:
        Setf:
          - - 19
            - true
          - parent_span:
              start: Start
              end: End
            field_span:
              start: Start
              end: End
            assignment_span:
              start: Start
              end: End
            value_span:
              start: Start
              end: End
    - Load:
        data:
          Reg: 19
        ctx:
          start: Start
          end: End
    - Set:
        Setc:
          - - 17
            - true
          - ident_span:
              start: Start
              end: End
            assignment_span:
              start: Start
              end: End
            value_span:
              start: Start
              end: End
    - Misc:
        data: Root
        ctx:
          start: Start
          end: End
    - Store:
        data:
          Reg: 22
        ctx:
          start: Start
          end: End
    - Get:
        Getfc:
          - 22
          - parent_span:
              start: Start
              end: End
            field_span:
              start: Start
              end: End
    - Store:
        data:
          Reg: 21
        ctx:
          start: Start
          end: End
    - Get:
        Getc:
          - 24
          - ident_span:
              start: Start
              end: End
    - Get:
        Getfc:
          - 23
          - parent_span:
              start: Start
              end: End
            field_span:
              start: Start
              end: End
    - Store:
        data:
          Reg: 24
        ctx:
          start: Start
          end: End
    - Load:
        data:
          Const: 25
        ctx:
          start: Start
          end: End
    - Arith:
        data:
          op: Add
          reg: 24
        ctx:
          lhs_span:
            start: Start
            end: End
          op_span:
            start: Start
            end: End
          rhs_span:
            start: Start
            end: End
    - Store:
        data:
          Reg: 23
        ctx:
          start: Start
          end: End
    - Load:
        data:
          Reg: 21
        ctx:
          start: Start
          end: End
    - Call:
        data:
          reg: 22
          n_args: 1
        ctx:
          fn_span:
            start: Start
            end: End
          call_span:
            start: Start
            end: End
          args:
            - start: Start
              end: End
    - Get:
        Getc:
          - 26
          - ident_span:
              start: Start
              end: End
    - Store:
        data:
          Reg: 26
        ctx:
          start: Start
          end: End
    - Get:
        Getfc:
          - 27
          - parent_span:
              start: Start
              end: End
            field_span:
              start: Start
              end: End
    - Store:
        data:
          Reg: 25
        ctx:
          start: Start
          end: End
    - Load:
        data:
          Reg: 25
        ctx:
          start: Start
          end: End
    - Call:
        data:
          reg: 26
          n_args: 0
        ctx:
          fn_span:
            start: Start
            end: End
          call_span:
            start: Start
            end: End
          args: []
    - Misc:
        data: Root
        ctx:
          start: Start
          end: End
    - Store:
        data:
          Reg: 28
        ctx:
          start: Start
          end: End
    - Get:
        Getfc:
          - 28
          - parent_span:
              start: Start
              end: End
            field_span:
              start: Start
              end: End
    - Store:
        data:
          Reg: 27
        ctx:
          start: Start
          end: End
    - Get:
        Getc:
          - 30
          - ident_span:
              start: Start
              end: End
    - Get:
        Getfc:
          - 29
          - parent_span:
              start: Start
              end: End
            field_span:
              start: Start
              end: End
    - Store:
        data:
          Reg: 30
        ctx:
          start: Start
          end: End
    - Load:
        data:
          Const: 31
        ctx:
          start: Start
          end: End
    - Arith:
        data:
          op: Add
          reg: 30
        ctx:
          lhs_span:
            start: Start
            end: End
          op_span:
            start: Start
            end: End
          rhs_span:
            start: Start
            end: End
    - Store:
        data:
          Reg: 29
        ctx:
          start: Start
          end: End
    - Load:
        data:
          Reg: 27
        ctx:
          start: Start
          end: End
    - Call:
        data:
          reg: 28
          n_args: 1
        ctx:
          fn_span:
            start: Start
            end: End
          call_span:
            start: Start
            end: End
          args:
            - start: Start
              end: End
    - Get:
        Getc:
          - 32
          - ident_span:
              start: Start
              end: End
    - Store:
        data:
          Reg: 32
        ctx:
          start: Start
          end: End
    - Get:
        Getfc:
          - 33
          - parent_span:
              start: Start
              end: End
            field_span:
              start: Start
              end: End
    - Store:
        data:
          Reg: 31
        ctx:
          start: Start
          end: End
    - Load:
        data:
          Reg: 31
        ctx:
          start: Start
          end: End
    - Call:
        data:
          reg: 32
          n_args: 0
        ctx:
          fn_span:
            start: Start
            end: End
          call_span:
            start: Start
            end: End
          args: []
    - Misc:
        data: Root
        ctx:
          start: Start
          end: End
    - Store:
        data:
          Reg: 34
        ctx:
          start: Start
          end: End
    - Get:
        Getfc:
          - 34
          - parent_span:
              start: Start
              end: End
            field_span:
              start: Start
              end: End
    - Store:
        data:
          Reg: 33
        ctx:
          start: Start
          end: End
    - Get:
        Getc:
          - 36
          - ident_span:
              start: Start
              end: End
    - Get:
        Getfc:
          - 35
          - parent_span:
              start: Start
              end: End
            field_span:
              start: Start
              end: End
    - Store:
        data:
          Reg: 36
        ctx:
          start: Start
          end: End
    - Load:
        data:
          Const: 37
        ctx:
          start: Start
          end: End
    - Arith:
        data:
          op: Add
          reg: 36
        ctx:
          lhs_span:
            start: Start
            end: End
          op_span:
            start: Start
            end: End
          rhs_span:
            start: Start
            end: End
    - Store:
        data:
          Reg: 35
        ctx:
          start: Start
          end: End
    - Load:
        data:
          Reg: 33
        ctx:
          start: Start
          end: End
    - Call:
        data:
          reg: 34
          n_args: 1
        ctx:
          fn_span:
            start: Start
            end: End
          call_span:
            start: Start
            end: End
          args:
            - start: Start
              end: End
    - Misc:
        data: Root
        ctx:
          start: Start
          end: End
    - Store:
        data:
          Reg: 38
        ctx:
          start: Start
          end: End
    - Get:
        Getfc:
          - 38
          - parent_span:
              start: Start
              end: End
            field_span:
              start: Start
              end: End
    - Store:
        data:
          Reg: 37
        ctx:
          start: Start
          end: End
    - Load:
        data:
          Const: 39
        ctx:
          start: Start
          end: End
    - Store:
        data:
          Reg: 39
        ctx:
          start: Start
          end: End
    - Load:
        data:
          Reg: 37
        ctx:
          start: Start
          end: End
    - Call:
        data:
          reg: 38
          n_args: 1
        ctx:
          fn_span:
            start: Start
            end: End
          call_span:
            start: Start
            end: End
          args:
            - start: Start
              end: End
    - Load:
        data:
          Const: 41
        ctx:
          start: Start
          end: End
    - Set:
        Setc:
          - - 40
            - true
          - ident_span:
              start: Start
              end: End
            assignment_span:
              start: Start
              end: End
            value_span:
              start: Start
              end: End
    - Load:
        data:
          PrimType: EmptyTable
        ctx:
          start: Start
          end: End
    - Store:
        data:
          Reg: 40
        ctx:
          start: Start
          end: End
    - Load:
        data:
          Const: 43
        ctx:
          start: Start
          end: End
    - Store:
        data:
          Reg: 41
        ctx:
          start: Start
          end: End
    - Load:
        data:
          FunIdx: 4
        ctx:
          start: Start
          end: End
    - Set:
        Setf:
          - - 40
            - true
          - parent_span:
              start: Start
              end: End
            field_span:
              start: Start
              end: End
            assignment_span:
              start: Start
              end: End
            value_span:
              start: Start
              end: End
    - Load:
        data:
          Const: 44
        ctx:
          start: Start
          end: End
    - Store:
        data:
          Reg: 41
        ctx:
          start: Start
          end: End
    - Load:
        data:
          FunIdx: 5
        ctx:
          start: Start
          end: End
    - Set:
        Setf:
          - - 40
            - true
          - parent_span:
              start: Start
              end: End
            field_span:
              start: Start
              end: End
            assignment_span:
              start: Start
              end: End
            value_span:
              start: Start
              end: End
    - Load:
        data:
          Const: 45
        ctx:
          start: Start
          end: End
    - Store:
        data:
          Reg: 41
        ctx:
          start: Start
          end: End
    - Load:
        data:
          FunIdx: 6
        ctx:
          start: Start
          end: End
    - Set:
        Setf:
          - - 40
            - true
          - parent_span:
              start: Start
              end: End
            field_span:
              start: Start
              end: End
            assignment_span:
              start: Start
              end: End
            value_span:
              start: Start
              end: End
    - Load:
        data:
          Const: 46
        ctx:
          start: Start
          end: End
    - Store:
        data:
          Reg: 41
        ctx:
          start: Start
          end: End
    - Load:
        data:
          FunIdx: 7
        ctx:
          start: Start
          end: End
    - Set:
        Setf:
          - - 40
            - true
          - parent_span:
              start: Start
              end: End
            field_span:
              start: Start
              end: End
            assignment_span:
              start: Start
              end: End
            value_span:
              start: Start
              end: End
    - Load:
        data:
          Reg: 40
        ctx:
          start: Start
          end: End
    - Set:
        Setc:
          - - 42
            - true
          - ident_span:
              start: Start
              end: End
            assignment_span:
              start: Start
              end: End
            value_span:
              start: Start
              end: End
    - Misc:
        data: Root
        ctx:
          start: Start
          end: End
    - Store:
        data:
          Reg: 43
        ctx:
          start: Start
          end: End
    - Get:
        Getfc:
          - 47
          - parent_span:
              start: Start
              end: End
            field_span:
              start: Start
              end: End
    - Store:
        data:
          Reg: 42
        ctx:
          start: Start
          end: End
    - Get:
        Getc:
          - 48
          - ident_span:
              start: Start
              end: End
    - Store:
        data:
          Reg: 45
        ctx:
          start: Start
          end: End
    - Load:
        data:
          Const: 49
        ctx:
          start: Start
          end: End
    - Arith:
        data:
          op: Add
          reg: 45
        ctx:
          lhs_span:
            start: Start
            end: End
          op_span:
            start: Start
            end: End
          rhs_span:
            start: Start
            end: End
    - Store:
        data:
          Reg: 44
        ctx:
          start: Start
          end: End
    - Load:
        data:
          Reg: 42
        ctx:
          start: Start
          end: End
    - Call:
        data:
          reg: 43
          n_args: 1
        ctx:
          fn_span:
            start: Start
            end: End
          call_span:
            start: Start
            end: End
          args:
            - start: Start
              end: End
    - Get:
        Getc:
          - 50
          - ident_span:
              start: Start
              end: End
    - Store:
        data:
          Reg: 47
        ctx:
          start: Start
          end: End
    - Get:
        Getfc:
          - 51
          - parent_span:
              start: Start
              end: End
            field_span:
              start: Start
              end: End
    - Store:
        data:
          Reg: 46
        ctx:
          start: Start
          end: End
    - Load:
        data:
          Reg: 46
        ctx:
          start: Start
          end: End
    - Call:
        data:
          reg: 47
          n_args: 0
        ctx:
          fn_span:
            start: Start
            end: End
          call_span:
            start: Start
            end: End
          args: []
    - Get:
        Getc:
          - 52
          - ident_span:
              start: Start
              end: End
    - Store:
        data:
          Reg: 49
        ctx:
          start: Start
          end: End
    - Get:
        Getfc:
          - 53
          - parent_span:
              start: Start
              end: End
            field_span:
              start: Start
              end: End
    - Store:
        data:
          Reg: 48
        ctx:
          start: Start
          end: End
    - Load:
        data:
          Reg: 48
        ctx:
          start: Start
          end: End
    - Call:
        data:
          reg: 49
          n_args: 0
        ctx:
          fn_span:
            start: Start
            end: End
          call_span:
            start: Start
            end: End
          args: []
    - Misc:
        data: Root
        ctx:
          start: Start
          end: End
    - Store:
        data:
          Reg: 51
        ctx:
          start: Start
          end: End
    - Get:
        Getfc:
          - 54
          - parent_span:
              start: Start
              end: End
            field_span:
              start: Start
              end: End
    - Store:
        data:
          Reg: 50
        ctx:
          start: Start
          end: End
    - Get:
        Getc:
          - 55
          - ident_span:
              start: Start
              end: End
    - Store:
        data:
          Reg: 53
        ctx:
          start: Start
          end: End
    - Load:
        data:
          Const: 56
        ctx:
          start: Start
          end: End
    - Arith:
        data:
          op: Add
          reg: 53
        ctx:
          lhs_span:
            start: Start
            end: End
          op_span:
            start: Start
            end: End
          rhs_span:
            start: Start
            end: End
    - Store:
        data:
          Reg: 52
        ctx:
          start: Start
          end: End
    - Load:
        data:
          Reg: 50
        ctx:
          start: Start
          end: End
    - Call:
        data:
          reg: 51
          n_args: 1
        ctx:
          fn_span:
            start: Start
            end: End
          call_span:
            start: Start
            end: End
          args:
            - start: Start
              end: End
    - Get:
        Getc:
          - 57
          - ident_span:
              start: Start
              end: End
    - Store:
        data:
          Reg: 55
        ctx:
          start: Start
          end: End
    - Get:
        Getfc:
          - 58
          - parent_span:
              start: Start
              end: End
            field_span:
              start: Start
              end: End
    - Store:
        data:
          Reg: 54
        ctx:
          start: Start
          end: End
    - Load:
        data:
          Reg: 54
        ctx:
          start: Start
          end: End
    - Call:
        data:
          reg: 55
          n_args: 0
        ctx:
          fn_span:
            start: Start
            end: End
          call_span:
            start: Start
            end: End
          args: []
    - Get:
        Getc:
          - 59
          - ident_span:
              start: Start
              end: End
    - Store:
        data:
          Reg: 57
        ctx:
          start: Start
          end: End
    - Get:
        Getfc:
          - 60
          - parent_span:
              start: Start
              end: End
            field_span:
              start: Start
              end: End
    - Store:
        data:
          Reg: 56
        ctx:
          start: Start
          end: End
    - Load:
        data:
          Reg: 56
        ctx:
          start: Start
          end: End
    - Call:
        data:
          reg: 57
          n_args: 0
        ctx:
          fn_span:
            start: Start
            end: End
          call_span:
            start: Start
            end: End
          args: []
    - Misc:
        data: Root
        ctx:
          start: Start
          end: End
    - Store:
        data:
          Reg: 59
        ctx:
          start: Start
          end: End
    - Get:
        Getfc:
          - 61
          - parent_span:
              start: Start
              end: End
            field_span:
              start: Start
              end: End
    - Store:
        data:
          Reg: 58
        ctx:
          start: Start
          end: End
    - Get:
        Getc:
          - 62
          - ident_span:
              start: Start
              end: End
    - Store:
        data:
          Reg: 61
        ctx:
          start: Start
          end: End
    - Load:
        data:
          Const: 63
        ctx:
          start: Start
          end: End
    - Arith:
        data:
          op: Add
          reg: 61
        ctx:
          lhs_span:
            start: Start
            end: End
          op_span:
            start: Start
            end: End
          rhs_span:
            start: Start
            end: End
    - Store:
        data:
          Reg: 60
        ctx:
          start: Start
          end: End
    - Load:
        data:
          Reg: 58
        ctx:
          start: Start
          end: End
    - Call:
        data:
          reg: 59
          n_args: 1
        ctx:
          fn_span:
            start: Start
            end: End
          call_span:
            start: Start
            end: End
          args:
            - start: Start
              end: End
    - Get:
        Getc:
          - 64
          - ident_span:
              start: Start
              end: End
    - Store:
        data:
          Reg: 63
        ctx:
          start: Start
          end: End
    - Get:
        Getfc:
          - 65
          - parent_span:
              start: Start
              end: End
            field_span:
              start: Start
              end: End
    - Store:
        data:
          Reg: 62
        ctx:
          start: Start
          end: End
    - Load:
        data:
          Reg: 62
        ctx:
          start: Start
          end: End
    - Call:
        data:
          reg: 63
          n_args: 0
        ctx:
          fn_span:
            start: Start
            end: End
          call_span:
            start: Start
            end: End
          args: []
    - Get:
        Getc:
          - 66
          - ident_span:
              start: Start
              end: End
    - Store:
        data:
          Reg: 65
        ctx:
          start: Start
          end: End
    - Get:
        Getfc:
          - 67
          - parent_span:
              start: Start
              end: End
            field_span:
              start: Start
              end: End
    - Store:
        data:
          Reg: 64
        ctx:
          start: Start
          end: End
    - Load:
        data:
          Reg: 64
        ctx:
          start: Start
          end: End
    - Call:
        data:
          reg: 65
          n_args: 0
        ctx:
          fn_span:
            start: Start
            end: End
          call_span:
            start: Start
            end: End
          args: []
    - Misc:
        data: Root
        ctx:
          start: Start
          end: End
    - Store:
        data:
          Reg: 67
        ctx:
          start: Start
          end: End
    - Get:
        Getfc:
          - 68
          - parent_span:
              start: Start
              end: End
            field_span:
              start: Start
              end: End
    - Store:
        data:
          Reg: 66
        ctx:
          start: Start
          end: End
    - Get:
        Getc:
          - 69
          - ident_span:
              start: Start
              end: End
    - Store:
        data:
          Reg: 69
        ctx:
          start: Start
          end: End
    - Load:
        data:
          Const: 70
        ctx:
          start: Start
          end: End
    - Arith:
        data:
          op: Add
          reg: 69
        ctx:
          lhs_span:
            start: Start
            end: End
          op_span:
            start: Start
            end: End
          rhs_span:
            start: Start
            end: End
    - Store:
        data:
          Reg: 68
        ctx:
          start: Start
          end: End
    - Load:
        data:
          Reg: 66
        ctx:
          start: Start
          end: End
    - Call:
        data:
          reg: 67
          n_args: 1
        ctx:
          fn_span:
            start: Start
            end: End
          call_span:
            start: Start
            end: End
          args:
            - start: Start
              end: End
    - Get:
        Getc:
          - 71
          - ident_span:
              start: Start
              end: End
    - Store:
        data:
          Reg: 71
        ctx:
          start: Start
          end: End
    - Get:
        Getfc:
          - 72
          - parent_span:
              start: Start
              end: End
            field_span:
              start: Start
              end: End
    - Store:
        data:
          Reg: 70
        ctx:
          start: Start
          end: End
    - Load:
        data:
          Reg: 70
        ctx:
          start: Start
          end: End
    - Call:
        data:
          reg: 71
          n_args: 0
        ctx:
          fn_span:
            start: Start
            end: End
          call_span:
            start: Start
            end: End
          args: []
    - Misc:
        data: Root
        ctx:
          start: Start
          end: End
    - Store:
        data:
          Reg: 73
        ctx:
          start: Start
          end: End
    - Get:
        Getfc:
          - 73
          - parent_span:
              start: Start
              end: End
            field_span:
              start: Start
              end: End
    - Store:
        data:
          Reg: 72
        ctx:
          start: Start
          end: End
    - Load:
        data:
          Const: 74
        ctx:
          start: Start
          end: End
    - Store:
        data:
          Reg: 74
        ctx:
          start: Start
          end: End
    - Load:
        data:
          Reg: 72
        ctx:
          start: Start
          end: End
    - Call:
        data:
          reg: 73
          n_args: 1
        ctx:
          fn_span:
            start: Start
            end: End
          call_span:
            start: Start
            end: End
          args:
            - start: Start
              end: End
    - Load:
        data:
          PrimType: EmptyTable
        ctx:
          start: Start
          end: End
    - Store:
        data:
          Reg: 75
        ctx:
          start: Start
          end: End
    - Load:
        data:
          Const: 76
        ctx:
          start: Start
          end: End
    - Store:
        data:
          Reg: 76
        ctx:
          start: Start
          end: End
    - Load:
        data:
          Const: 77
        ctx:
          start: Start
          end: End
    - Set:
        Setf:
          - - 75
            - true
          - parent_span:
              start: Start
              end: End
            field_span:
              start: Start
              end: End
            assignment_span:
              start: Start
              end: End
            value_span:
              start: Start
              end: End
    - Load:
        data:
          Reg: 75
        ctx:
          start: Start
          end: End
    - Set:
        Setc:
          - - 75
            - true
          - ident_span:
              start: Start
              end: End
            assignment_span:
              start: Start
              end: End
            value_span:
              start: Start
              end: End
    - Load:
        data:
          PrimType: EmptyTable
        ctx:
          start: Start
          end: End
    - Store:
        data:
          Reg: 77
        ctx:
          start: Start
          end: End
    - Load:
        data:
          Const: 79
        ctx:
          start: Start
          end: End
    - Store:
        data:
          Reg: 78
        ctx:
          start: Start
          end: End
    - Load:
        data:
          FunIdx: 8
        ctx:
          start: Start
          end: End
    - Set:
        Setf:
          - - 77
            - true
          - parent_span:
              start: Start
              end: End
            field_span:
              start: Start
              end: End
            assignment_span:
              start: Start
              end: End
            value_span:
              start: Start
              end: End
    - Load:
        data:
          Const: 80
        ctx:
          start: Start
          end: End
    - Store:
        data:
          Reg: 78
        ctx:
          start: Start
          end: End
    - Load:
        data:
          FunIdx: 9
        ctx:
          start: Start
          end: End
    - Set:
        Setf:
          - - 77
            - true
          - parent_span:
              start: Start
              end: End
            field_span:
              start: Start
              end: End
            assignment_span:
              start: Start
              end: End
            value_span:
              start: Start
              end: End
    - Load:
        data:
          Const: 81
        ctx:
          start: Start
          end: End
    - Store:
        data:
          Reg: 78
        ctx:
          start: Start
          end: End
    - Load:
        data:
          FunIdx: 10
        ctx:
          start: Start
          end: End
    - Set:
        Setf:
          - - 77
            - true
          - parent_span:
              start: Start
              end: End
            field_span:
              start: Start
              end: End
            assignment_span:
              start: Start
              end: End
            value_span:
              start: Start
              end: End
    - Load:
        data:
          Reg: 77
        ctx:
          start: Start
          end: End
    - Set:
        Setc:
          - - 78
            - true
          - ident_span:
              start: Start
              end: End
            assignment_span:
              start: Start
              end: End
            value_span:
              start: Start
              end: End
    - Get:
        Getc:
          - 82
          - ident_span:
              start: Start
              end: End
    - Store:
        data:
          Reg: 80
        ctx:
          start: Start
          end: End
    - Get:
        Getfc:
          - 83
          - parent_span:
              start: Start
              end: End
            field_span:
              start: Start
              end: End
    - Store:
        data:
          Reg: 79
        ctx:
          start: Start
          end: End
    - Get:
        Getc:
          - 84
          - ident_span:
              start: Start
              end: End
    - Store:
        data:
          Reg: 81
        ctx:
          start: Start
          end: End
    - Load:
        data:
          Reg: 79
        ctx:
          start: Start
          end: End
    - Call:
        data:
          reg: 80
          n_args: 1
        ctx:
          fn_span:
            start: Start
            end: End
          call_span:
            start: Start
            end: End
          args:
            - start: Start
              end: End
    - Misc:
        data: Root
        ctx:
          start: Start
          end: End
    - Store:
        data:
          Reg: 83
        ctx:
          start: Start
          end: End
    - Get:
        Getfc:
          - 85
          - parent_span:
              start: Start
              end: End
            field_span:
              start: Start
              end: End
    - Store:
        data:
          Reg: 82
        ctx:
          start: Start
          end: End
    - Load:
        data:
          Const: 86
        ctx:
          start: Start
          end: End
    - Store:
        data:
          Reg: 86
        ctx:
          start: Start
          end: End
    - Get:
        Getc:
          - 88
          - ident_span:
              start: Start
              end: End
    - Get:
        Getfc:
          - 87
          - parent_span:
              start: Start
              end: End
            field_span:
              start: Start
              end: End
    - Arith:
        data:
          op: Add
          reg: 86
        ctx:
          lhs_span:
            start: Start
            end: End
          op_span:
            start: Start
            end: End
          rhs_span:
            start: Start
            end: End
    - Store:
        data:
          Reg: 85
        ctx:
          start: Start
          end: End
    - Load:
        data:
          Const: 89
        ctx:
          start: Start
          end: End
    - Arith:
        data:
          op: Add
          reg: 85
        ctx:
          lhs_span:
            start: Start
            end: End
          op_span:
            start: Start
            end: End
          rhs_span:
            start: Start
            end: End
    - Store:
        data:
          Reg: 84
        ctx:
          start: Start
          end: End
    - Load:
        data:
          Reg: 82
        ctx:
          start: Start
          end: End
    - Call:
        data:
          reg: 83
          n_args: 1
        ctx:
          fn_span:
            start: Start
            end: End
          call_span:
            start: Start
            end: End
          args:
            - start: Start
              end: End
    - Misc:
        data: Root
        ctx:
          start: Start
          end: End
    - Store:
        data:
          Reg: 88
        ctx:
          start: Start
          end: End
    - Get:
        Getfc:
          - 90
          - parent_span:
              start: Start
              end: End
            field_span:
              start: Start
              end: End
    - Store:
        data:
          Reg: 87
        ctx:
          start: Start
          end: End
    - Load:
        data:
          Const: 91
        ctx:
          start: Start
          end: End
    - Store:
        data:
          Reg: 91
        ctx:
          start: Start
          end: End
    - Get:
        Getc:
          - 93
          - ident_span:
              start: Start
              end: End
    - Get:
        Getfc:
          - 92
          - parent_span:
              start: Start
              end: End
            field_span:
              start: Start
              end: End
    - Arith:
        data:
          op: Add
          reg: 91
        ctx:
          lhs_span:
            start: Start
            end: End
          op_span:
            start: Start
            end: End
          rhs_span:
            start: Start
            end: End
    - Store:
        data:
          Reg: 90
        ctx:
          start: Start
          end: End
    - Load:
        data:
          Const: 94
        ctx:
          start: Start
          end: End
    - Arith:
        data:
          op: Add
          reg: 90
        ctx:
          lhs_span:
            start: Start
            end: End
          op_span:
            start: Start
            end: End
          rhs_span:
            start: Start
            end: End
    - Store:
        data:
          Reg: 89
        ctx:
          start: Start
          end: End
    - Load:
        data:
          Reg: 87
        ctx:
          start: Start
          end: End
    - Call:
        data:
          reg: 88
          n_args: 1
        ctx:
          fn_span:
            start: Start
            end: End
          call_span:
            start: Start
            end: End
          args:
            - start: Start
              end: End
    - Get:
        Getc:
          - 95
          - ident_span:
              start: Start
              end: End
    - Store:
        data:
          Reg: 93
        ctx:
          start: Start
          end: End
    - Get:
        Getfc:
          - 96
          - parent_span:
              start: Start
              end: End
            field_span:
              start: Start
              end: End
    - Store:
        data:
          Reg: 92
        ctx:
          start: Start
          end: End
    - Load:
        data:
          Reg: 92
        ctx:
          start: Start
          end: End
    - Call:
        data:
          reg: 93
          n_args: 0
        ctx:
          fn_span:
            start: Start
            end: End
          call_span:
            start: Start
            end: End
          args: []
    - Misc:
        data: Root
        ctx:
          start: Start
          end: End
    - Store:
        data:
          Reg: 95
        ctx:
          start: Start
          end: End
    - Get:
        Getfc:
          - 97
          - parent_span:
              start: Start
              end: End
            field_span:
              start: Start
              end: End
    - Store:
        data:
          Reg: 94
        ctx:
          start: Start
          end: End
    - Load:
        data:
          Const: 98
        ctx:
          start: Start
          end: End
    - Store:
        data:
          Reg: 98
        ctx:
          start: Start
          end: End
    - Get:
        Getc:
          - 100
          - ident_span:
              start: Start
              end: End
    - Get:
        Getfc:
          - 99
          - parent_span:
              start: Start
              end: End
            field_span:
              start: Start
              end: End
    - Arith:
        data:
          op: Add
          reg: 98
        ctx:
          lhs_span:
            start: Start
            end: End
          op_span:
            start: Start
            end: End
          rhs_span:
            start: Start
            end: End
    - Store:
        data:
          Reg: 97
        ctx:
          start: Start
          end: End
    - Load:
        data:
          Const: 101
        ctx:
          start: Start
          end: End
    - Arith:
        data:
          op: Add
          reg: 97
        ctx:
          lhs_span:
            start: Start
            end: End
          op_span:
            start: Start
            end: End
          rhs_span:
            start: Start
            end: End
    - Store:
        data:
          Reg: 96
        ctx:
          start: Start
          end: End
    - Load:
        data:
          Reg: 94
        ctx:
          start: Start
          end: End
    - Call:
        data:
          reg: 95
          n_args: 1
        ctx:
          fn_span:
            start: Start
            end: End
          call_span:
            start: Start
            end: End
          args:
            - start: Start
              end: End
    - Misc:
        data: Root
        ctx:
          start: Start
          end: End
    - Store:
        data:
          Reg: 100
        ctx:
          start: Start
          end: End
    - Get:
        Getfc:
          - 102
          - parent_span:
              start: Start
              end: End
            field_span:
              start: Start
              end: End
    - Store:
        data:
          Reg: 99
        ctx:
          start: Start
          end: End
    - Load:
        data:
          Const: 103
        ctx:
          start: Start
          end: End
    - Store:
        data:
          Reg: 103
        ctx:
          start: Start
          end: End
    - Get:
        Getc:
          - 105
          - ident_span:
              start: Start
              end: End
    - Get:
        Getfc:
          - 104
          - parent_span:
              start: Start
              end: End
            field_span:
              start: Start
              end: End
    - Arith:
        data:
          op: Add
          reg: 103
        ctx:
          lhs_span:
            start: Start
            end: End
          op_span:
            start: Start
            end: End
          rhs_span:
            start: Start
            end: End
    - Store:
        data:
          Reg: 102
        ctx:
          start: Start
          end: End
    - Load:
        data:
          Const: 106
        ctx:
          start: Start
          end: End
    - Arith:
        data:
          op: Add
          reg: 102
        ctx:
          lhs_span:
            start: Start
            end: End
          op_span:
            start: Start
            end: End
          rhs_span:
            start: Start
            end: End
    - Store:
        data:
          Reg: 101
        ctx:
          start: Start
          end: End
    - Load:
        data:
          Reg: 99
        ctx:
          start: Start
          end: End
    - Call:
        data:
          reg: 100
          n_args: 1
        ctx:
          fn_span:
            start: Start
            end: End
          call_span:
            start: Start
            end: End
          args:
            - start: Start
              end: End
    - Get:
        Getc:
          - 107
          - ident_span:
              start: Start
              end: End
    - Store:
        data:
          Reg: 105
        ctx:
          start: Start
          end: End
    - Get:
        Getfc:
          - 108
          - parent_span:
              start: Start
              end: End
            field_span:
              start: Start
              end: End
    - Store:
        data:
          Reg: 104
        ctx:
          start: Start
          end: End
    - Load:
        data:
          Reg: 104
        ctx:
          start: Start
          end: End
    - Call:
        data:
          reg: 105
          n_args: 0
        ctx:
          fn_span:
            start: Start
            end: End
          call_span:
            start: Start
            end: End
          args: []
    - Misc:
        data: Root
        ctx:
          start: Start
          end: End
    - Store:
        data:
          Reg: 107
        ctx:
          start: Start
          end: End
    - Get:
        Getfc:
          - 109
          - parent_span:
              start: Start
              end: End
            field_span:
              start: Start
              end: End
    - Store:
        data:
          Reg: 106
        ctx:
          start: Start
          end: End
    - Load:
        data:
          Const: 110
        ctx:
          start: Start
          end: End
    - Store:
        data:
          Reg: 110
        ctx:
          start: Start
          end: End
    - Get:
        Getc:
          - 112
          - ident_span:
              start: Start
              end: End
    - Get:
        Getfc:
          - 111
          - parent_span:
              start: Start
              end: End
            field_span:
              start: Start
              end: End
    - Arith:
        data:
          op: Add
          reg: 110
        ctx:
          lhs_span:
            start: Start
            end: End
          op_span:
            start: Start
            end: End
          rhs_span:
            start: Start
            end: End
    - Store:
        data:
          Reg: 109
        ctx:
          start: Start
          end: End
    - Load:
        data:
          Const: 113
        ctx:
          start: Start
          end: End
    - Arith:
        data:
          op: Add
          reg: 109
        ctx:
          lhs_span:
            start: Start
            end: End
          op_span:
            start: Start
            end: End
          rhs_span:
            start: Start
            end: End
    - Store:
        data:
          Reg: 108
        ctx:
          start: Start
          end: End
    - Load:
        data:
          Reg: 106
        ctx:
          start: Start
          end: End
    - Call:
        data:
          reg: 107
          n_args: 1
        ctx:
          fn_span:
            start: Start
            end: End
          call_span:
            start: Start
            end: End
          args:
            - start: Start
              end: End
    - Misc:
        data: Root
        ctx:
          start: Start
          end: End
    - Store:
        data:
          Reg: 112
        ctx:
          start: Start
          end: End
    - Get:
        Getfc:
          - 114
          - parent_span:
              start: Start
              end: End
            field_span:
              start: Start
              end: End
    - Store:
        data:
          Reg: 111
        ctx:
          start: Start
          end: End
    - Load:
        data:
          Const: 115
        ctx:
          start: Start
          end: End
    - Store:
        data:
          Reg: 115
        ctx:
          start: Start
          end: End
    - Get:
        Getc:
          - 117
          - ident_span:
              start: Start
              end: End
    - Get:
        Getfc:
          - 116
          - parent_span:
              start: Start
              end: End
            field_span:
              start: Start
              end: End
    - Arith:
        data:
          op: Add
          reg: 115
        ctx:
          lhs_span:
            start: Start
            end: End
          op_span:
            start: Start
            end: End
          rhs_span:
            start: Start
            end: End
    - Store:
        data:
          Reg: 114
        ctx:
          start: Start
          end: End
    - Load:
        data:
          Const: 118
        ctx:
          start: Start
          end: End
    - Arith:
        data:
          op: Add
          reg: 114
        ctx:
          lhs_span:
            start: Start
            end: End
          op_span:
            start: Start
            end: End
          rhs_span:
            start: Start
            end: End
    - Store:
        data:
          Reg: 113
        ctx:
          start: Start
          end: End
    - Load:
        data:
          Reg: 111
        ctx:
          start: Start
          end: End
    - Call:
        data:
          reg: 112
          n_args: 1
        ctx:
          fn_span:
            start: Start
            end: End
          call_span:
            start: Start
            end: End
          args:
            - start: Start
              end: End
    - Get:
        Getc:
          - 119
          - ident_span:
              start: Start
              end: End
    - Store:
        data:
          Reg: 117
        ctx:
          start: Start
          end: End
    - Get:
        Getfc:
          - 120
          - parent_span:
              start: Start
              end: End
            field_span:
              start: Start
              end: End
    - Store:
        data:
          Reg: 116
        ctx:
          start: Start
          end: End
    - Load:
        data:
          Reg: 116
        ctx:
          start: Start
          end: End
    - Call:
        data:
          reg: 117
          n_args: 0
        ctx:
          fn_span:
            start: Start
            end: End
          call_span:
            start: Start
            end: End
          args: []
    - Misc:
        data: Root
        ctx:
          start: Start
          end: End
    - Store:
        data:
          Reg: 119
        ctx:
          start: Start
          end: End
    - Get:
        Getfc:
          - 121
          - parent_span:
              start: Start
              end: End
            field_span:
              start: Start
              end: End
    - Store:
        data:
          Reg: 118
        ctx:
          start: Start
          end: End
    - Load:
        data:
          Const: 122
        ctx:
          start: Start
          end: End
    - Store:
        data:
          Reg: 122
        ctx:
          start: Start
          end: End
    - Get:
        Getc:
          - 124
          - ident_span:
              start: Start
              end: End
    - Get:
        Getfc:
          - 123
          - parent_span:
              start: Start
              end: End
            field_span:
              start: Start
              end: End
    - Arith:
        data:
          op: Add
          reg: 122
        ctx:
          lhs_span:
            start: Start
            end: End
          op_span:
            start: Start
            end: End
          rhs_span:
            start: Start
            end: End
    - Store:
        data:
          Reg: 121
        ctx:
          start: Start
          end: End
    - Load:
        data:
          Const: 125
        ctx:
          start: Start
          end: End
    - Arith:
        data:
          op: Add
          reg: 121
        ctx:
          lhs_span:
            start: Start
            end: End
          op_span:
            start: Start
            end: End
          rhs_span:
            start: Start
            end: End
    - Store:
        data:
          Reg: 120
        ctx:
          start: Start
          end: End
    - Load:
        data:
          Reg: 118
        ctx:
          start: Start
          end: End
    - Call:
        data:
          reg: 119
          n_args: 1
        ctx:
          fn_span:
            start: Start
            end: End
          call_span:
            start: Start
            end: End
          args:
            - start: Start
              end: End
    - Misc:
        data: Root
        ctx:
          start: Start
          end: End
    - Store:
        data:
          Reg: 124
        ctx:
          start: Start
          end: End
    - Get:
        Getfc:
          - 126
          - parent_span:
              start: Start
              end: End
            field_span:
              start: Start
              end: End
    - Store:
        data:
          Reg: 123
        ctx:
          start: Start
          end: End
    - Load:
        data:
          Const: 127
        ctx:
          start: Start
          end: End
    - Store:
        data:
          Reg: 127
        ctx:
          start: Start
          end: End
    - Get:
        Getc:
          - 129
          - ident_span:
              start: Start
              end: End
    - Get:
        Getfc:
          - 128
          - parent_span:
              start: Start
              end: End
            field_span:
              start: Start
              end: End
    - Arith:
        data:
          op: Add
          reg: 127
        ctx:
          lhs_span:
            start: Start
            end: End
          op_span:
            start: Start
            end: End
          rhs_span:
            start: Start
            end: End
    - Store:
        data:
          Reg: 126
        ctx:
          start: Start
          end: End
    - Load:
        data:
          Const: 130
        ctx:
          start: Start
          end: End
    - Arith:
        data:
          op: Add
          reg: 126
        ctx:
          lhs_span:
            start: Start
            end: End
          op_span:
            start: Start
            end: End
          rhs_span:
            start: Start
            end: End
    - Store:
        data:
          Reg: 125
        ctx:
          start: Start
          end: End
    - Load:
        data:
          Reg: 123
        ctx:
          start: Start
          end: End
    - Call:
        data:
          reg: 124
          n_args: 1
        ctx:
          fn_span:
            start: Start
            end: End
          call_span:
            start: Start
            end: End
          args:
            - start: Start
              end: End
    - Ret:
        data: Void
        ctx:
          start: Start
          end: End
  block_offsets:
    - 0
  constants:
    - String: a
    - String: a defined at root
    - String: fn_newslot
    - String: fn_set
    - String: print
    - String: a
    - String: "\n"
    - String: fn_newslot
    - String: print
    - String: a
    - String: "\n"
    - String: fn_set
    - String: print
    - String: a
    - String: "\n"
    - String: print
    - String: "\n"
    - String: tab
    - String: b
    - String: b defined in tab
    - String: fn_newslot
    - String: fn_set
    - String: print
    - String: b
    - String: tab
    - String: "\n"
    - String: tab
    - String: fn_newslot
    - String: print
    - String: b
    - String: tab
    - String: "\n"
    - String: tab
    - String: fn_set
    - String: print
    - String: b
    - String: tab
    - String: "\n"
    - String: print
    - String: "\n"
    - String: c
    - String: c defined at root
    - String: tab2
    - String: fn_newslot
    - String: fn_set
    - String: fn_this
    - String: insane
    - String: print
    - String: c
    - String: "\n"
    - String: tab2
    - String: insane
    - String: tab2
    - String: fn_newslot
    - String: print
    - String: c
    - String: "\n"
    - String: tab2
    - String: insane
    - String: tab2
    - String: fn_set
    - String: print
    - String: c
    - String: "\n"
    - String: tab2
    - String: insane
    - String: tab2
    - String: fn_this
    - String: print
    - String: c
    - String: "\n"
    - String: tab2
    - String: insane
    - String: print
    - String: "\n"
    - String: del
    - String: d
    - String: d defined in del
    - String: inst
    - String: fn_newslot
    - String: fn_set
    - String: fn_this
    - String: inst
    - String: setdelegate
    - String: del
    - String: print
    - String: " del.d: "
    - String: d
    - String: del
    - String: "\n"
    - String: print
    - String: "inst.d: "
    - String: d
    - String: inst
    - String: "\n"
    - String: inst
    - String: fn_set
    - String: print
    - String: " del.d: "
    - String: d
    - String: del
    - String: "\n"
    - String: print
    - String: "inst.d: "
    - String: d
    - String: inst
    - String: "\n"
    - String: inst
    - String: fn_newslot
    - String: print
    - String: " del.d: "
    - String: d
    - String: del
    - String: "\n"
    - String: print
    - String: "inst.d: "
    - String: d
    - String: inst
    - String: "\n"
    - String: inst
    - String: fn_this
    - String: print
    - String: " del.d: "
    - String: d
    - String: del
    - String: "\n"
    - String: print
    - String: "inst.d: "
    - String: d
    - String: inst
    - String: "\n"
  is_varargs: true
  num_regs: 128
  num_params: 0
  locals:
    - NamedReg:
        - 0
        - vargv
  num_locals: 0
