---
source: squirrel_lang/src/parser/mod.rs
expression: actual_ast
---
keyword_span:
  start: Start
  end: End
arg_span:
  start: Start
  end: End
num_args: 0
default_expr: []
locals:
  - NamedReg: vargv
is_varargs: true
body:
  data:
    Block:
      - data:
          Expr:
            data:
              Assign:
                target:
                  Ident:
                    - env
                    - start: Start
                      end: End
                value:
                  data:
                    TableDecl:
                      - - data:
                            Literal:
                              String: field
                          span:
                            start: Start
                            end: End
                        - data:
                            Literal:
                              String: I am ENV
                          span:
                            start: Start
                            end: End
                  span:
                    start: Start
                    end: End
                kind: NewSlot
                op_span:
                  start: Start
                  end: End
            span:
              start: Start
              end: End
        span:
          start: Start
          end: End
      - data:
          Expr:
            data:
              Assign:
                target:
                  Ident:
                    - array_tostring
                    - start: Start
                      end: End
                value:
                  data:
                    FunctionDef:
                      keyword_span:
                        start: Start
                        end: End
                      arg_span:
                        start: Start
                        end: End
                      num_args: 1
                      default_expr: []
                      locals:
                        - NamedReg: arr
                        - NamedReg: str
                        - NamedReg: idx
                        - NamedReg: val
                      is_varargs: false
                      body:
                        data:
                          Block:
                            - data:
                                Expr:
                                  data:
                                    Assign:
                                      target:
                                        Local:
                                          - 1
                                          - start: Start
                                            end: End
                                      value:
                                        data:
                                          Literal:
                                            String: "["
                                        span:
                                          start: Start
                                          end: End
                                      kind: Normal
                                      op_span:
                                        start: Start
                                        end: End
                                  span:
                                    start: Start
                                    end: End
                              span:
                                start: Start
                                end: End
                            - data:
                                Foreach:
                                  index_idx: 2
                                  value_idx: 3
                                  iterable:
                                    data:
                                      Local:
                                        - 0
                                        - start: Start
                                          end: End
                                    span:
                                      start: Start
                                      end: End
                                  body:
                                    data:
                                      Block:
                                        - data:
                                            Expr:
                                              data:
                                                Assign:
                                                  target:
                                                    Local:
                                                      - 1
                                                      - start: Start
                                                        end: End
                                                  value:
                                                    data:
                                                      BinaryOp:
                                                        op: Add
                                                        op_span:
                                                          start: Start
                                                          end: End
                                                        lhs:
                                                          data:
                                                            Local:
                                                              - 1
                                                              - start: Start
                                                                end: End
                                                          span:
                                                            start: Start
                                                            end: End
                                                        rhs:
                                                          data:
                                                            Local:
                                                              - 3
                                                              - start: Start
                                                                end: End
                                                          span:
                                                            start: Start
                                                            end: End
                                                    span:
                                                      start: Start
                                                      end: End
                                                  kind: Normal
                                                  op_span:
                                                    start: Start
                                                    end: End
                                              span:
                                                start: Start
                                                end: End
                                          span:
                                            start: Start
                                            end: End
                                        - data:
                                            IfElse:
                                              - data:
                                                  BinaryOp:
                                                    op: Less
                                                    op_span:
                                                      start: Start
                                                      end: End
                                                    lhs:
                                                      data:
                                                        Local:
                                                          - 2
                                                          - start: Start
                                                            end: End
                                                      span:
                                                        start: Start
                                                        end: End
                                                    rhs:
                                                      data:
                                                        BinaryOp:
                                                          op: Sub
                                                          op_span:
                                                            start: Start
                                                            end: End
                                                          lhs:
                                                            data:
                                                              FunctionCall:
                                                                func:
                                                                  FieldAccess:
                                                                    - data:
                                                                        Local:
                                                                          - 0
                                                                          - start: Start
                                                                            end: End
                                                                      span:
                                                                        start: Start
                                                                        end: End
                                                                    - - len
                                                                      - start: Start
                                                                        end: End
                                                                args: []
                                                            span:
                                                              start: Start
                                                              end: End
                                                          rhs:
                                                            data:
                                                              Literal:
                                                                Integer: 1
                                                            span:
                                                              start: Start
                                                              end: End
                                                      span:
                                                        start: Start
                                                        end: End
                                                span:
                                                  start: Start
                                                  end: End
                                              - data:
                                                  Block:
                                                    - data:
                                                        Expr:
                                                          data:
                                                            Assign:
                                                              target:
                                                                Local:
                                                                  - 1
                                                                  - start: Start
                                                                    end: End
                                                              value:
                                                                data:
                                                                  BinaryOp:
                                                                    op: Add
                                                                    op_span:
                                                                      start: Start
                                                                      end: End
                                                                    lhs:
                                                                      data:
                                                                        Local:
                                                                          - 1
                                                                          - start: Start
                                                                            end: End
                                                                      span:
                                                                        start: Start
                                                                        end: End
                                                                    rhs:
                                                                      data:
                                                                        Literal:
                                                                          String: ", "
                                                                      span:
                                                                        start: Start
                                                                        end: End
                                                                span:
                                                                  start: Start
                                                                  end: End
                                                              kind: Normal
                                                              op_span:
                                                                start: Start
                                                                end: End
                                                          span:
                                                            start: Start
                                                            end: End
                                                      span:
                                                        start: Start
                                                        end: End
                                                span:
                                                  start: Start
                                                  end: End
                                              - data: Empty
                                                span:
                                                  start: Start
                                                  end: End
                                          span:
                                            start: Start
                                            end: End
                                    span:
                                      start: Start
                                      end: End
                              span:
                                start: Start
                                end: End
                            - data:
                                Return:
                                  data:
                                    BinaryOp:
                                      op: Add
                                      op_span:
                                        start: Start
                                        end: End
                                      lhs:
                                        data:
                                          Local:
                                            - 1
                                            - start: Start
                                              end: End
                                        span:
                                          start: Start
                                          end: End
                                      rhs:
                                        data:
                                          Literal:
                                            String: "]"
                                        span:
                                          start: Start
                                          end: End
                                  span:
                                    start: Start
                                    end: End
                              span:
                                start: Start
                                end: End
                        span:
                          start: Start
                          end: End
                  span:
                    start: Start
                    end: End
                kind: NewSlot
                op_span:
                  start: Start
                  end: End
            span:
              start: Start
              end: End
        span:
          start: Start
          end: End
      - data:
          Expr:
            data:
              Assign:
                target:
                  Ident:
                    - going_to_lose
                    - start: Start
                      end: End
                value:
                  data:
                    FunctionDef:
                      keyword_span:
                        start: Start
                        end: End
                      arg_span:
                        start: Start
                        end: End
                      num_args: 0
                      default_expr: []
                      locals: []
                      is_varargs: false
                      body:
                        data:
                          Block:
                            - data:
                                Expr:
                                  data:
                                    FunctionCall:
                                      func:
                                        FieldAccess:
                                          - data: Globals
                                            span:
                                              start: Start
                                              end: End
                                          - - print
                                            - start: Start
                                              end: End
                                      args:
                                        - data:
                                            BinaryOp:
                                              op: Add
                                              op_span:
                                                start: Start
                                                end: End
                                              lhs:
                                                data: This
                                                span:
                                                  start: Start
                                                  end: End
                                              rhs:
                                                data:
                                                  Literal:
                                                    String: "\n"
                                                span:
                                                  start: Start
                                                  end: End
                                          span:
                                            start: Start
                                            end: End
                                  span:
                                    start: Start
                                    end: End
                              span:
                                start: Start
                                end: End
                            - data:
                                IfElse:
                                  - data:
                                      BinaryOp:
                                        op: Eq
                                        op_span:
                                          start: Start
                                          end: End
                                        lhs:
                                          data: This
                                          span:
                                            start: Start
                                            end: End
                                        rhs:
                                          data:
                                            Literal: "Null"
                                          span:
                                            start: Start
                                            end: End
                                    span:
                                      start: Start
                                      end: End
                                  - data:
                                      Block:
                                        - data:
                                            Expr:
                                              data:
                                                FunctionCall:
                                                  func:
                                                    FieldAccess:
                                                      - data: Globals
                                                        span:
                                                          start: Start
                                                          end: End
                                                      - - print
                                                        - start: Start
                                                          end: End
                                                  args:
                                                    - data:
                                                        Literal:
                                                          String: "I am null\n"
                                                      span:
                                                        start: Start
                                                        end: End
                                              span:
                                                start: Start
                                                end: End
                                          span:
                                            start: Start
                                            end: End
                                    span:
                                      start: Start
                                      end: End
                                  - data:
                                      Block:
                                        - data:
                                            Expr:
                                              data:
                                                FunctionCall:
                                                  func:
                                                    FieldAccess:
                                                      - data: Globals
                                                        span:
                                                          start: Start
                                                          end: End
                                                      - - print
                                                        - start: Start
                                                          end: End
                                                  args:
                                                    - data:
                                                        Literal:
                                                          String: "I am not null\n"
                                                      span:
                                                        start: Start
                                                        end: End
                                              span:
                                                start: Start
                                                end: End
                                          span:
                                            start: Start
                                            end: End
                                        - data:
                                            Expr:
                                              data:
                                                Assign:
                                                  target:
                                                    FieldAccess:
                                                      - data: This
                                                        span:
                                                          start: Start
                                                          end: End
                                                      - - field
                                                        - start: Start
                                                          end: End
                                                  value:
                                                    data:
                                                      Literal:
                                                        String: I am new
                                                    span:
                                                      start: Start
                                                      end: End
                                                  kind: NewSlot
                                                  op_span:
                                                    start: Start
                                                    end: End
                                              span:
                                                start: Start
                                                end: End
                                          span:
                                            start: Start
                                            end: End
                                    span:
                                      start: Start
                                      end: End
                              span:
                                start: Start
                                end: End
                            - data:
                                Return:
                                  data: This
                                  span:
                                    start: Start
                                    end: End
                              span:
                                start: Start
                                end: End
                        span:
                          start: Start
                          end: End
                  span:
                    start: Start
                    end: End
                kind: NewSlot
                op_span:
                  start: Start
                  end: End
            span:
              start: Start
              end: End
        span:
          start: Start
          end: End
      - data:
          Expr:
            data:
              RawCall:
                func:
                  data:
                    Ident: going_to_lose
                  span:
                    start: Start
                    end: End
                this:
                  data:
                    Ident: env
                  span:
                    start: Start
                    end: End
                args: []
            span:
              start: Start
              end: End
        span:
          start: Start
          end: End
      - data:
          Expr:
            data:
              FunctionCall:
                func:
                  FieldAccess:
                    - data: Globals
                      span:
                        start: Start
                        end: End
                    - - print
                      - start: Start
                        end: End
                args:
                  - data:
                      BinaryOp:
                        op: Add
                        op_span:
                          start: Start
                          end: End
                        lhs:
                          data:
                            FunctionCall:
                              func:
                                Expr:
                                  data:
                                    Ident: array_tostring
                                  span:
                                    start: Start
                                    end: End
                              args:
                                - data:
                                    FunctionCall:
                                      func:
                                        FieldAccess:
                                          - data:
                                              Ident: env
                                            span:
                                              start: Start
                                              end: End
                                          - - keys
                                            - start: Start
                                              end: End
                                      args: []
                                  span:
                                    start: Start
                                    end: End
                          span:
                            start: Start
                            end: End
                        rhs:
                          data:
                            Literal:
                              String: "\n"
                          span:
                            start: Start
                            end: End
                    span:
                      start: Start
                      end: End
            span:
              start: Start
              end: End
        span:
          start: Start
          end: End
      - data:
          Expr:
            data:
              RawCall:
                func:
                  data:
                    Ident: going_to_lose
                  span:
                    start: Start
                    end: End
                this:
                  data:
                    Literal: "Null"
                  span:
                    start: Start
                    end: End
                args: []
            span:
              start: Start
              end: End
        span:
          start: Start
          end: End
  span:
    start: Start
    end: End
