---
source: squirrel_lang/src/parser/mod.rs
expression: Parser test for squirrel_repo/flow.nut
---
keyword_span:
  start: 0
  end: 0
arg_span:
  start: 0
  end: 0
num_args: 0
default_expr: []
local_names:
  - - vargv
    - 0
  - - a
    - 1
  - - b
    - 2
  - - c
    - 3
num_locals: 4
upvalues: []
is_varargs: true
body:
  data:
    Block:
      - data:
          Expr:
            data:
              Assign:
                target:
                  Ident:
                    - min
                    - start: 9
                      end: 12
                value:
                  data:
                    FunctionDef:
                      keyword_span:
                        start: 0
                        end: 8
                      arg_span:
                        start: 12
                        end: 17
                      num_args: 2
                      default_expr: []
                      local_names:
                        - - x
                          - 0
                        - - y
                          - 1
                      num_locals: 2
                      upvalues: []
                      is_varargs: false
                      body:
                        data:
                          Return:
                            data:
                              Ternary:
                                cond:
                                  data:
                                    BinaryOp:
                                      op: Less
                                      op_span:
                                        start: 30
                                        end: 31
                                      lhs:
                                        data:
                                          Local:
                                            - 0
                                            - start: 29
                                              end: 30
                                        span:
                                          start: 29
                                          end: 30
                                      rhs:
                                        data:
                                          Local:
                                            - 1
                                            - start: 31
                                              end: 32
                                        span:
                                          start: 31
                                          end: 32
                                  span:
                                    start: 29
                                    end: 32
                                true_expr:
                                  data:
                                    Local:
                                      - 0
                                      - start: 33
                                        end: 34
                                  span:
                                    start: 33
                                    end: 34
                                false_expr:
                                  data:
                                    Local:
                                      - 1
                                      - start: 35
                                        end: 36
                                  span:
                                    start: 35
                                    end: 36
                            span:
                              start: 29
                              end: 36
                        span:
                          start: 22
                          end: 36
                  span:
                    start: 0
                    end: 36
                kind: NewSlot
                op_span:
                  start: 0
                  end: 8
            span:
              start: 0
              end: 36
        span:
          start: 0
          end: 36
      - data:
          Expr:
            data:
              Assign:
                target:
                  Ident:
                    - max
                    - start: 48
                      end: 51
                value:
                  data:
                    FunctionDef:
                      keyword_span:
                        start: 39
                        end: 47
                      arg_span:
                        start: 51
                        end: 56
                      num_args: 2
                      default_expr: []
                      local_names:
                        - - x
                          - 0
                        - - y
                          - 1
                      num_locals: 2
                      upvalues: []
                      is_varargs: false
                      body:
                        data:
                          Return:
                            data:
                              Ternary:
                                cond:
                                  data:
                                    BinaryOp:
                                      op: Greater
                                      op_span:
                                        start: 69
                                        end: 70
                                      lhs:
                                        data:
                                          Local:
                                            - 0
                                            - start: 68
                                              end: 69
                                        span:
                                          start: 68
                                          end: 69
                                      rhs:
                                        data:
                                          Local:
                                            - 1
                                            - start: 70
                                              end: 71
                                        span:
                                          start: 70
                                          end: 71
                                  span:
                                    start: 68
                                    end: 71
                                true_expr:
                                  data:
                                    Local:
                                      - 0
                                      - start: 72
                                        end: 73
                                  span:
                                    start: 72
                                    end: 73
                                false_expr:
                                  data:
                                    Local:
                                      - 1
                                      - start: 74
                                        end: 75
                                  span:
                                    start: 74
                                    end: 75
                            span:
                              start: 68
                              end: 75
                        span:
                          start: 61
                          end: 75
                  span:
                    start: 39
                    end: 75
                kind: NewSlot
                op_span:
                  start: 39
                  end: 47
            span:
              start: 39
              end: 75
        span:
          start: 39
          end: 75
      - data:
          IfElse:
            - data:
                BinaryOp:
                  op: Greater
                  op_span:
                    start: 93
                    end: 94
                  lhs:
                    data:
                      FunctionCall:
                        func:
                          Expr:
                            data:
                              Ident: min
                            span:
                              start: 81
                              end: 84
                        args:
                          - data:
                              Literal:
                                Integer: 100
                            span:
                              start: 85
                              end: 88
                          - data:
                              Literal:
                                Integer: 200
                            span:
                              start: 89
                              end: 92
                    span:
                      start: 84
                      end: 93
                  rhs:
                    data:
                      FunctionCall:
                        func:
                          Expr:
                            data:
                              Ident: max
                            span:
                              start: 94
                              end: 97
                        args:
                          - data:
                              Literal:
                                Integer: 50
                            span:
                              start: 98
                              end: 100
                          - data:
                              Literal:
                                Integer: 20
                            span:
                              start: 101
                              end: 103
                    span:
                      start: 97
                      end: 104
              span:
                start: 84
                end: 104
            - data:
                Expr:
                  data:
                    FunctionCall:
                      func:
                        Expr:
                          data:
                            Ident: print
                          span:
                            start: 110
                            end: 115
                      args:
                        - data:
                            Literal:
                              String: "I'm useless statement just to show up the if/else\n"
                          span:
                            start: 116
                            end: 169
                  span:
                    start: 115
                    end: 170
              span:
                start: 115
                end: 170
            - data:
                Expr:
                  data:
                    FunctionCall:
                      func:
                        Expr:
                          data:
                            Ident: print
                          span:
                            start: 181
                            end: 186
                      args:
                        - data:
                            Literal:
                              String: "squirrel!!\n"
                          span:
                            start: 187
                            end: 201
                  span:
                    start: 186
                    end: 202
              span:
                start: 186
                end: 202
        span:
          start: 78
          end: 202
      - data:
          Expr:
            data:
              FunctionCall:
                func:
                  Expr:
                    data:
                      Ident: print
                    span:
                      start: 205
                      end: 210
                args:
                  - data:
                      Literal:
                        String: "\n"
                    span:
                      start: 211
                      end: 215
            span:
              start: 210
              end: 216
        span:
          start: 210
          end: 216
      - data:
          Expr:
            data:
              Assign:
                target:
                  Ident:
                    - typy
                    - start: 227
                      end: 231
                value:
                  data:
                    FunctionDef:
                      keyword_span:
                        start: 218
                        end: 226
                      arg_span:
                        start: 231
                        end: 236
                      num_args: 1
                      default_expr: []
                      local_names:
                        - - obj
                          - 0
                      num_locals: 1
                      upvalues: []
                      is_varargs: false
                      body:
                        data:
                          Block:
                            - data:
                                Switch:
                                  - data:
                                      UnaryOp:
                                        - TypeOf
                                        - start: 250
                                          end: 256
                                        - data:
                                            Local:
                                              - 0
                                              - start: 257
                                                end: 260
                                          span:
                                            start: 257
                                            end: 260
                                    span:
                                      start: 250
                                      end: 260
                                  - - - data:
                                          Literal:
                                            String: integer
                                        span:
                                          start: 281
                                          end: 290
                                      - data:
                                          Block: []
                                        span:
                                          start: 0
                                          end: 0
                                    - - data:
                                          Literal:
                                            String: float
                                        span:
                                          start: 305
                                          end: 312
                                      - data:
                                          Block:
                                            - data:
                                                Return:
                                                  data:
                                                    Literal:
                                                      String: is a number
                                                  span:
                                                    start: 333
                                                    end: 346
                                              span:
                                                start: 326
                                                end: 346
                                        span:
                                          start: 0
                                          end: 346
                                    - - data:
                                          Literal:
                                            String: table
                                        span:
                                          start: 361
                                          end: 368
                                      - data:
                                          Block: []
                                        span:
                                          start: 0
                                          end: 0
                                    - - data:
                                          Literal:
                                            String: array
                                        span:
                                          start: 383
                                          end: 390
                                      - data:
                                          Block:
                                            - data:
                                                Return:
                                                  data:
                                                    Literal:
                                                      String: is a container
                                                  span:
                                                    start: 411
                                                    end: 427
                                              span:
                                                start: 404
                                                end: 427
                                        span:
                                          start: 0
                                          end: 427
                                  - data:
                                      Block:
                                        - data:
                                            Return:
                                              data:
                                                Literal:
                                                  String: is other stuff
                                              span:
                                                start: 465
                                                end: 481
                                          span:
                                            start: 458
                                            end: 481
                                    span:
                                      start: 0
                                      end: 481
                              span:
                                start: 243
                                end: 487
                        span:
                          start: 0
                          end: 489
                  span:
                    start: 0
                    end: 489
                kind: NewSlot
                op_span:
                  start: 218
                  end: 226
            span:
              start: 0
              end: 489
        span:
          start: 0
          end: 489
      - data:
          Block:
            - data:
                Expr:
                  data:
                    Assign:
                      target:
                        Local:
                          - 1
                          - start: 497
                            end: 498
                      value:
                        data:
                          Literal:
                            Integer: 1
                        span:
                          start: 499
                          end: 500
                      kind: Normal
                      op_span:
                        start: 498
                        end: 499
                  span:
                    start: 497
                    end: 500
              span:
                start: 497
                end: 500
            - data:
                Expr:
                  data:
                    Assign:
                      target:
                        Local:
                          - 2
                          - start: 501
                            end: 502
                      value:
                        data:
                          TableDecl: []
                        span:
                          start: 503
                          end: 505
                      kind: Normal
                      op_span:
                        start: 502
                        end: 503
                  span:
                    start: 501
                    end: 505
              span:
                start: 501
                end: 505
            - data:
                Expr:
                  data:
                    Assign:
                      target:
                        Local:
                          - 3
                          - start: 506
                            end: 507
                      value:
                        data:
                          FunctionDef:
                            keyword_span:
                              start: 508
                              end: 516
                            arg_span:
                              start: 516
                              end: 521
                            num_args: 2
                            default_expr: []
                            local_names:
                              - - a
                                - 0
                              - - b
                                - 1
                            num_locals: 2
                            upvalues: []
                            is_varargs: false
                            body:
                              data:
                                Block:
                                  - data:
                                      Return:
                                        data:
                                          BinaryOp:
                                            op: Add
                                            op_span:
                                              start: 530
                                              end: 531
                                            lhs:
                                              data:
                                                Local:
                                                  - 0
                                                  - start: 529
                                                    end: 530
                                              span:
                                                start: 529
                                                end: 530
                                            rhs:
                                              data:
                                                Local:
                                                  - 1
                                                  - start: 531
                                                    end: 532
                                              span:
                                                start: 531
                                                end: 532
                                        span:
                                          start: 529
                                          end: 532
                                    span:
                                      start: 522
                                      end: 532
                              span:
                                start: 0
                                end: 534
                        span:
                          start: 0
                          end: 534
                      kind: Normal
                      op_span:
                        start: 507
                        end: 508
                  span:
                    start: 0
                    end: 534
              span:
                start: 0
                end: 534
        span:
          start: 0
          end: 534
      - data:
          Expr:
            data:
              FunctionCall:
                func:
                  Expr:
                    data:
                      Ident: print
                    span:
                      start: 536
                      end: 541
                args:
                  - data:
                      BinaryOp:
                        op: Add
                        op_span:
                          start: 551
                          end: 552
                        lhs:
                          data:
                            UnaryOp:
                              - TypeOf
                              - start: 542
                                end: 548
                              - data:
                                  Local:
                                    - 1
                                    - start: 549
                                      end: 550
                                span:
                                  start: 549
                                  end: 550
                          span:
                            start: 542
                            end: 550
                        rhs:
                          data:
                            Literal:
                              String: "\n"
                          span:
                            start: 553
                            end: 557
                    span:
                      start: 542
                      end: 557
            span:
              start: 541
              end: 558
        span:
          start: 541
          end: 558
      - data:
          Expr:
            data:
              FunctionCall:
                func:
                  Expr:
                    data:
                      Ident: print
                    span:
                      start: 559
                      end: 564
                args:
                  - data:
                      BinaryOp:
                        op: Add
                        op_span:
                          start: 577
                          end: 578
                        lhs:
                          data:
                            BinaryOp:
                              op: Add
                              op_span:
                                start: 569
                                end: 570
                              lhs:
                                data:
                                  Literal:
                                    String: "a "
                                span:
                                  start: 565
                                  end: 569
                              rhs:
                                data:
                                  FunctionCall:
                                    func:
                                      Expr:
                                        data:
                                          Ident: typy
                                        span:
                                          start: 570
                                          end: 574
                                    args:
                                      - data:
                                          Local:
                                            - 1
                                            - start: 575
                                              end: 576
                                        span:
                                          start: 575
                                          end: 576
                                span:
                                  start: 574
                                  end: 577
                          span:
                            start: 565
                            end: 577
                        rhs:
                          data:
                            Literal:
                              String: "\n"
                          span:
                            start: 578
                            end: 582
                    span:
                      start: 565
                      end: 582
            span:
              start: 564
              end: 583
        span:
          start: 564
          end: 583
      - data:
          Expr:
            data:
              FunctionCall:
                func:
                  Expr:
                    data:
                      Ident: print
                    span:
                      start: 585
                      end: 590
                args:
                  - data:
                      BinaryOp:
                        op: Add
                        op_span:
                          start: 600
                          end: 601
                        lhs:
                          data:
                            UnaryOp:
                              - TypeOf
                              - start: 591
                                end: 597
                              - data:
                                  Local:
                                    - 2
                                    - start: 598
                                      end: 599
                                span:
                                  start: 598
                                  end: 599
                          span:
                            start: 591
                            end: 599
                        rhs:
                          data:
                            Literal:
                              String: "\n"
                          span:
                            start: 602
                            end: 606
                    span:
                      start: 591
                      end: 606
            span:
              start: 590
              end: 607
        span:
          start: 590
          end: 607
      - data:
          Expr:
            data:
              FunctionCall:
                func:
                  Expr:
                    data:
                      Ident: print
                    span:
                      start: 608
                      end: 613
                args:
                  - data:
                      BinaryOp:
                        op: Add
                        op_span:
                          start: 626
                          end: 627
                        lhs:
                          data:
                            BinaryOp:
                              op: Add
                              op_span:
                                start: 618
                                end: 619
                              lhs:
                                data:
                                  Literal:
                                    String: "b "
                                span:
                                  start: 614
                                  end: 618
                              rhs:
                                data:
                                  FunctionCall:
                                    func:
                                      Expr:
                                        data:
                                          Ident: typy
                                        span:
                                          start: 619
                                          end: 623
                                    args:
                                      - data:
                                          Local:
                                            - 2
                                            - start: 624
                                              end: 625
                                        span:
                                          start: 624
                                          end: 625
                                span:
                                  start: 623
                                  end: 626
                          span:
                            start: 614
                            end: 626
                        rhs:
                          data:
                            Literal:
                              String: "\n"
                          span:
                            start: 627
                            end: 631
                    span:
                      start: 614
                      end: 631
            span:
              start: 613
              end: 632
        span:
          start: 613
          end: 632
      - data:
          Expr:
            data:
              FunctionCall:
                func:
                  Expr:
                    data:
                      Ident: print
                    span:
                      start: 634
                      end: 639
                args:
                  - data:
                      BinaryOp:
                        op: Add
                        op_span:
                          start: 649
                          end: 650
                        lhs:
                          data:
                            UnaryOp:
                              - TypeOf
                              - start: 640
                                end: 646
                              - data:
                                  Local:
                                    - 3
                                    - start: 647
                                      end: 648
                                span:
                                  start: 647
                                  end: 648
                          span:
                            start: 640
                            end: 648
                        rhs:
                          data:
                            Literal:
                              String: "\n"
                          span:
                            start: 651
                            end: 655
                    span:
                      start: 640
                      end: 655
            span:
              start: 639
              end: 656
        span:
          start: 639
          end: 656
      - data:
          Expr:
            data:
              FunctionCall:
                func:
                  Expr:
                    data:
                      Ident: print
                    span:
                      start: 657
                      end: 662
                args:
                  - data:
                      BinaryOp:
                        op: Add
                        op_span:
                          start: 675
                          end: 676
                        lhs:
                          data:
                            BinaryOp:
                              op: Add
                              op_span:
                                start: 667
                                end: 668
                              lhs:
                                data:
                                  Literal:
                                    String: "c "
                                span:
                                  start: 663
                                  end: 667
                              rhs:
                                data:
                                  FunctionCall:
                                    func:
                                      Expr:
                                        data:
                                          Ident: typy
                                        span:
                                          start: 668
                                          end: 672
                                    args:
                                      - data:
                                          Local:
                                            - 3
                                            - start: 673
                                              end: 674
                                        span:
                                          start: 673
                                          end: 674
                                span:
                                  start: 672
                                  end: 675
                          span:
                            start: 663
                            end: 675
                        rhs:
                          data:
                            Literal:
                              String: "\n"
                          span:
                            start: 676
                            end: 680
                    span:
                      start: 663
                      end: 680
            span:
              start: 662
              end: 681
        span:
          start: 662
          end: 681
  span:
    start: 0
    end: 681
