---
source: squirrel_lang/src/parser/mod.rs
expression: actual_ast
---
keyword_span:
  start: Start
  end: End
arg_span:
  start: Start
  end: End
num_args: 0
default_expr: []
local_names:
  - - vargv
    - 0
  - - n
    - 1
  - - i
    - 2
  - - k
    - 3
  - - x
    - 4
  - - y
    - 5
num_locals: 6
upvalues: []
is_varargs: true
body:
  data:
    Block:
      - data:
          Block: []
        span:
          start: Start
          end: End
      - data:
          Expr:
            data:
              Assign:
                target:
                  Ident:
                    - print_array
                    - start: Start
                      end: End
                value:
                  data:
                    FunctionDef:
                      keyword_span:
                        start: Start
                        end: End
                      arg_span:
                        start: Start
                        end: End
                      num_args: 2
                      default_expr: []
                      local_names:
                        - - name
                          - 0
                        - - a
                          - 1
                      num_locals: 7
                      upvalues:
                        - - 2
                          - 2
                        - - 2
                          - 3
                        - - 2
                          - 4
                        - - 2
                          - 5
                        - - 2
                          - 6
                      is_varargs: false
                      body:
                        data:
                          Block:
                            - data:
                                Expr:
                                  data:
                                    FunctionCall:
                                      func:
                                        FieldAccess:
                                          - data: Globals
                                            span:
                                              start: Start
                                              end: End
                                          - - print
                                            - start: Start
                                              end: End
                                      args:
                                        - data:
                                            BinaryOp:
                                              op: Add
                                              op_span:
                                                start: Start
                                                end: End
                                              lhs:
                                                data:
                                                  Local:
                                                    - 0
                                                    - start: Start
                                                      end: End
                                                span:
                                                  start: Start
                                                  end: End
                                              rhs:
                                                data:
                                                  Literal:
                                                    String: " = ["
                                                span:
                                                  start: Start
                                                  end: End
                                          span:
                                            start: Start
                                            end: End
                                  span:
                                    start: Start
                                    end: End
                              span:
                                start: Start
                                end: End
                            - data:
                                For:
                                  for_kw:
                                    start: Start
                                    end: End
                                  init:
                                    data:
                                      Expr:
                                        data:
                                          Assign:
                                            target:
                                              Local:
                                                - 2
                                                - start: Start
                                                  end: End
                                            value:
                                              data:
                                                Literal:
                                                  Integer: 0
                                              span:
                                                start: Start
                                                end: End
                                            kind: Normal
                                            op_span:
                                              start: Start
                                              end: End
                                        span:
                                          start: Start
                                          end: End
                                    span:
                                      start: Start
                                      end: End
                                  cond:
                                    data:
                                      BinaryOp:
                                        op: Less
                                        op_span:
                                          start: Start
                                          end: End
                                        lhs:
                                          data:
                                            Local:
                                              - 3
                                              - start: Start
                                                end: End
                                          span:
                                            start: Start
                                            end: End
                                        rhs:
                                          data:
                                            FunctionCall:
                                              func:
                                                FieldAccess:
                                                  - data:
                                                      Local:
                                                        - 1
                                                        - start: Start
                                                          end: End
                                                    span:
                                                      start: Start
                                                      end: End
                                                  - - len
                                                    - start: Start
                                                      end: End
                                              args: []
                                          span:
                                            start: Start
                                            end: End
                                    span:
                                      start: Start
                                      end: End
                                  incr:
                                    data:
                                      Expr:
                                        data:
                                          Assign:
                                            target:
                                              Local:
                                                - 4
                                                - start: Start
                                                  end: End
                                            value:
                                              data:
                                                Literal:
                                                  Integer: 1
                                              span:
                                                start: Start
                                                end: End
                                            kind: Add
                                            op_span:
                                              start: Start
                                              end: End
                                        span:
                                          start: Start
                                          end: End
                                    span:
                                      start: Start
                                      end: End
                                  body:
                                    data:
                                      Block:
                                        - data:
                                            Expr:
                                              data:
                                                FunctionCall:
                                                  func:
                                                    FieldAccess:
                                                      - data: Globals
                                                        span:
                                                          start: Start
                                                          end: End
                                                      - - print
                                                        - start: Start
                                                          end: End
                                                  args:
                                                    - data:
                                                        FunctionCall:
                                                          func:
                                                            FieldAccess:
                                                              - data:
                                                                  ArrayAccess:
                                                                    array:
                                                                      data:
                                                                        Local:
                                                                          - 1
                                                                          - start: Start
                                                                            end: End
                                                                      span:
                                                                        start: Start
                                                                        end: End
                                                                    index:
                                                                      data:
                                                                        Local:
                                                                          - 5
                                                                          - start: Start
                                                                            end: End
                                                                      span:
                                                                        start: Start
                                                                        end: End
                                                                span:
                                                                  start: Start
                                                                  end: End
                                                              - - tostring
                                                                - start: Start
                                                                  end: End
                                                          args: []
                                                      span:
                                                        start: Start
                                                        end: End
                                              span:
                                                start: Start
                                                end: End
                                          span:
                                            start: Start
                                            end: End
                                        - data:
                                            IfElse:
                                              - data:
                                                  BinaryOp:
                                                    op: Less
                                                    op_span:
                                                      start: Start
                                                      end: End
                                                    lhs:
                                                      data:
                                                        Local:
                                                          - 6
                                                          - start: Start
                                                            end: End
                                                      span:
                                                        start: Start
                                                        end: End
                                                    rhs:
                                                      data:
                                                        BinaryOp:
                                                          op: Sub
                                                          op_span:
                                                            start: Start
                                                            end: End
                                                          lhs:
                                                            data:
                                                              FunctionCall:
                                                                func:
                                                                  FieldAccess:
                                                                    - data:
                                                                        Local:
                                                                          - 1
                                                                          - start: Start
                                                                            end: End
                                                                      span:
                                                                        start: Start
                                                                        end: End
                                                                    - - len
                                                                      - start: Start
                                                                        end: End
                                                                args: []
                                                            span:
                                                              start: Start
                                                              end: End
                                                          rhs:
                                                            data:
                                                              Literal:
                                                                Integer: 1
                                                            span:
                                                              start: Start
                                                              end: End
                                                      span:
                                                        start: Start
                                                        end: End
                                                span:
                                                  start: Start
                                                  end: End
                                              - data:
                                                  Block:
                                                    - data:
                                                        Expr:
                                                          data:
                                                            FunctionCall:
                                                              func:
                                                                FieldAccess:
                                                                  - data: Globals
                                                                    span:
                                                                      start: Start
                                                                      end: End
                                                                  - - print
                                                                    - start: Start
                                                                      end: End
                                                              args:
                                                                - data:
                                                                    Literal:
                                                                      String: ", "
                                                                  span:
                                                                    start: Start
                                                                    end: End
                                                          span:
                                                            start: Start
                                                            end: End
                                                      span:
                                                        start: Start
                                                        end: End
                                                span:
                                                  start: Start
                                                  end: End
                                              - data: Empty
                                                span:
                                                  start: Start
                                                  end: End
                                          span:
                                            start: Start
                                            end: End
                                    span:
                                      start: Start
                                      end: End
                              span:
                                start: Start
                                end: End
                            - data:
                                Expr:
                                  data:
                                    FunctionCall:
                                      func:
                                        FieldAccess:
                                          - data: Globals
                                            span:
                                              start: Start
                                              end: End
                                          - - print
                                            - start: Start
                                              end: End
                                      args:
                                        - data:
                                            Literal:
                                              String: "]\n"
                                          span:
                                            start: Start
                                            end: End
                                  span:
                                    start: Start
                                    end: End
                              span:
                                start: Start
                                end: End
                        span:
                          start: Start
                          end: End
                  span:
                    start: Start
                    end: End
                kind: NewSlot
                op_span:
                  start: Start
                  end: End
            span:
              start: Start
              end: End
        span:
          start: Start
          end: End
      - data:
          IfElse:
            - data:
                BinaryOp:
                  op: NotEq
                  op_span:
                    start: Start
                    end: End
                  lhs:
                    data:
                      FunctionCall:
                        func:
                          FieldAccess:
                            - data:
                                Local:
                                  - 0
                                  - start: Start
                                    end: End
                              span:
                                start: Start
                                end: End
                            - - len
                              - start: Start
                                end: End
                        args: []
                    span:
                      start: Start
                      end: End
                  rhs:
                    data:
                      Literal:
                        Integer: 0
                    span:
                      start: Start
                      end: End
              span:
                start: Start
                end: End
            - data:
                Block:
                  - data:
                      Expr:
                        data:
                          Assign:
                            target:
                              Local:
                                - 1
                                - start: Start
                                  end: End
                            value:
                              data:
                                FunctionCall:
                                  func:
                                    FieldAccess:
                                      - data:
                                          ArrayAccess:
                                            array:
                                              data:
                                                Local:
                                                  - 0
                                                  - start: Start
                                                    end: End
                                              span:
                                                start: Start
                                                end: End
                                            index:
                                              data:
                                                Literal:
                                                  Integer: 0
                                              span:
                                                start: Start
                                                end: End
                                        span:
                                          start: Start
                                          end: End
                                      - - tointeger
                                        - start: Start
                                          end: End
                                  args: []
                              span:
                                start: Start
                                end: End
                            kind: Normal
                            op_span:
                              start: Start
                              end: End
                        span:
                          start: Start
                          end: End
                    span:
                      start: Start
                      end: End
                  - data:
                      IfElse:
                        - data:
                            BinaryOp:
                              op: Less
                              op_span:
                                start: Start
                                end: End
                              lhs:
                                data:
                                  Local:
                                    - 1
                                    - start: Start
                                      end: End
                                span:
                                  start: Start
                                  end: End
                              rhs:
                                data:
                                  Literal:
                                    Integer: 1
                                span:
                                  start: Start
                                  end: End
                          span:
                            start: Start
                            end: End
                        - data:
                            Expr:
                              data:
                                Assign:
                                  target:
                                    Local:
                                      - 1
                                      - start: Start
                                        end: End
                                  value:
                                    data:
                                      Literal:
                                        Integer: 1
                                    span:
                                      start: Start
                                      end: End
                                  kind: Normal
                                  op_span:
                                    start: Start
                                    end: End
                              span:
                                start: Start
                                end: End
                          span:
                            start: Start
                            end: End
                        - data: Empty
                          span:
                            start: Start
                            end: End
                    span:
                      start: Start
                      end: End
              span:
                start: Start
                end: End
            - data:
                Block:
                  - data:
                      Expr:
                        data:
                          Assign:
                            target:
                              Local:
                                - 1
                                - start: Start
                                  end: End
                            value:
                              data:
                                Literal:
                                  Integer: 1
                              span:
                                start: Start
                                end: End
                            kind: Normal
                            op_span:
                              start: Start
                              end: End
                        span:
                          start: Start
                          end: End
                    span:
                      start: Start
                      end: End
              span:
                start: Start
                end: End
        span:
          start: Start
          end: End
      - data:
          Expr:
            data:
              FunctionCall:
                func:
                  FieldAccess:
                    - data: Globals
                      span:
                        start: Start
                        end: End
                    - - print
                      - start: Start
                        end: End
                args:
                  - data:
                      BinaryOp:
                        op: Add
                        op_span:
                          start: Start
                          end: End
                        lhs:
                          data:
                            BinaryOp:
                              op: Add
                              op_span:
                                start: Start
                                end: End
                              lhs:
                                data:
                                  Literal:
                                    String: "n = "
                                span:
                                  start: Start
                                  end: End
                              rhs:
                                data:
                                  FunctionCall:
                                    func:
                                      FieldAccess:
                                        - data:
                                            Local:
                                              - 1
                                              - start: Start
                                                end: End
                                          span:
                                            start: Start
                                            end: End
                                        - - tostring
                                          - start: Start
                                            end: End
                                    args: []
                                span:
                                  start: Start
                                  end: End
                          span:
                            start: Start
                            end: End
                        rhs:
                          data:
                            Literal:
                              String: "\n"
                          span:
                            start: Start
                            end: End
                    span:
                      start: Start
                      end: End
            span:
              start: Start
              end: End
        span:
          start: Start
          end: End
      - data:
          Expr:
            data:
              Assign:
                target:
                  Local:
                    - 4
                    - start: Start
                      end: End
                value:
                  data:
                    ArrayDecl: []
                  span:
                    start: Start
                    end: End
                kind: Normal
                op_span:
                  start: Start
                  end: End
            span:
              start: Start
              end: End
        span:
          start: Start
          end: End
      - data:
          Expr:
            data:
              FunctionCall:
                func:
                  FieldAccess:
                    - data:
                        Local:
                          - 4
                          - start: Start
                            end: End
                      span:
                        start: Start
                        end: End
                    - - resize
                      - start: Start
                        end: End
                args:
                  - data:
                      Local:
                        - 1
                        - start: Start
                          end: End
                    span:
                      start: Start
                      end: End
            span:
              start: Start
              end: End
        span:
          start: Start
          end: End
      - data:
          Expr:
            data:
              Assign:
                target:
                  Local:
                    - 5
                    - start: Start
                      end: End
                value:
                  data:
                    ArrayDecl: []
                  span:
                    start: Start
                    end: End
                kind: Normal
                op_span:
                  start: Start
                  end: End
            span:
              start: Start
              end: End
        span:
          start: Start
          end: End
      - data:
          Expr:
            data:
              FunctionCall:
                func:
                  FieldAccess:
                    - data:
                        Local:
                          - 5
                          - start: Start
                            end: End
                      span:
                        start: Start
                        end: End
                    - - resize
                      - start: Start
                        end: End
                args:
                  - data:
                      Local:
                        - 1
                        - start: Start
                          end: End
                    span:
                      start: Start
                      end: End
            span:
              start: Start
              end: End
        span:
          start: Start
          end: End
      - data:
          For:
            for_kw:
              start: Start
              end: End
            init:
              data:
                Expr:
                  data:
                    Assign:
                      target:
                        Local:
                          - 2
                          - start: Start
                            end: End
                      value:
                        data:
                          Literal:
                            Integer: 0
                        span:
                          start: Start
                          end: End
                      kind: Normal
                      op_span:
                        start: Start
                        end: End
                  span:
                    start: Start
                    end: End
              span:
                start: Start
                end: End
            cond:
              data:
                BinaryOp:
                  op: Less
                  op_span:
                    start: Start
                    end: End
                  lhs:
                    data:
                      Local:
                        - 2
                        - start: Start
                          end: End
                    span:
                      start: Start
                      end: End
                  rhs:
                    data:
                      Local:
                        - 1
                        - start: Start
                          end: End
                    span:
                      start: Start
                      end: End
              span:
                start: Start
                end: End
            incr:
              data:
                Expr:
                  data:
                    Assign:
                      target:
                        Local:
                          - 2
                          - start: Start
                            end: End
                      value:
                        data:
                          Literal:
                            Integer: 1
                        span:
                          start: Start
                          end: End
                      kind: Add
                      op_span:
                        start: Start
                        end: End
                  span:
                    start: Start
                    end: End
              span:
                start: Start
                end: End
            body:
              data:
                Block:
                  - data:
                      Expr:
                        data:
                          Assign:
                            target:
                              ArrayAccess:
                                array:
                                  data:
                                    Local:
                                      - 4
                                      - start: Start
                                        end: End
                                  span:
                                    start: Start
                                    end: End
                                index:
                                  data:
                                    Local:
                                      - 2
                                      - start: Start
                                        end: End
                                  span:
                                    start: Start
                                    end: End
                                span:
                                  start: Start
                                  end: End
                            value:
                              data:
                                BinaryOp:
                                  op: Add
                                  op_span:
                                    start: Start
                                    end: End
                                  lhs:
                                    data:
                                      Local:
                                        - 2
                                        - start: Start
                                          end: End
                                    span:
                                      start: Start
                                      end: End
                                  rhs:
                                    data:
                                      Literal:
                                        Integer: 1
                                    span:
                                      start: Start
                                      end: End
                              span:
                                start: Start
                                end: End
                            kind: Normal
                            op_span:
                              start: Start
                              end: End
                        span:
                          start: Start
                          end: End
                    span:
                      start: Start
                      end: End
                  - data:
                      Expr:
                        data:
                          Assign:
                            target:
                              ArrayAccess:
                                array:
                                  data:
                                    Local:
                                      - 5
                                      - start: Start
                                        end: End
                                  span:
                                    start: Start
                                    end: End
                                index:
                                  data:
                                    Local:
                                      - 2
                                      - start: Start
                                        end: End
                                  span:
                                    start: Start
                                    end: End
                                span:
                                  start: Start
                                  end: End
                            value:
                              data:
                                Literal:
                                  Integer: 0
                              span:
                                start: Start
                                end: End
                            kind: Normal
                            op_span:
                              start: Start
                              end: End
                        span:
                          start: Start
                          end: End
                    span:
                      start: Start
                      end: End
              span:
                start: Start
                end: End
        span:
          start: Start
          end: End
      - data:
          Expr:
            data:
              FunctionCall:
                func:
                  Expr:
                    data:
                      Ident: print_array
                    span:
                      start: Start
                      end: End
                args:
                  - data:
                      Literal:
                        String: x
                    span:
                      start: Start
                      end: End
                  - data:
                      Local:
                        - 4
                        - start: Start
                          end: End
                    span:
                      start: Start
                      end: End
            span:
              start: Start
              end: End
        span:
          start: Start
          end: End
      - data:
          Expr:
            data:
              FunctionCall:
                func:
                  Expr:
                    data:
                      Ident: print_array
                    span:
                      start: Start
                      end: End
                args:
                  - data:
                      Literal:
                        String: y
                    span:
                      start: Start
                      end: End
                  - data:
                      Local:
                        - 5
                        - start: Start
                          end: End
                    span:
                      start: Start
                      end: End
            span:
              start: Start
              end: End
        span:
          start: Start
          end: End
      - data:
          Expr:
            data:
              FunctionCall:
                func:
                  FieldAccess:
                    - data: Globals
                      span:
                        start: Start
                        end: End
                    - - print
                      - start: Start
                        end: End
                args:
                  - data:
                      BinaryOp:
                        op: Add
                        op_span:
                          start: Start
                          end: End
                        lhs:
                          data:
                            BinaryOp:
                              op: LessEq
                              op_span:
                                start: Start
                                end: End
                              lhs:
                                data:
                                  Literal:
                                    Integer: 0
                                span:
                                  start: Start
                                  end: End
                              rhs:
                                data:
                                  Literal:
                                    Integer: 1
                                span:
                                  start: Start
                                  end: End
                          span:
                            start: Start
                            end: End
                        rhs:
                          data:
                            Literal:
                              String: "\n"
                          span:
                            start: Start
                            end: End
                    span:
                      start: Start
                      end: End
            span:
              start: Start
              end: End
        span:
          start: Start
          end: End
      - data:
          For:
            for_kw:
              start: Start
              end: End
            init:
              data:
                Expr:
                  data:
                    Assign:
                      target:
                        Local:
                          - 3
                          - start: Start
                            end: End
                      value:
                        data:
                          Literal:
                            Integer: 0
                        span:
                          start: Start
                          end: End
                      kind: Normal
                      op_span:
                        start: Start
                        end: End
                  span:
                    start: Start
                    end: End
              span:
                start: Start
                end: End
            cond:
              data:
                BinaryOp:
                  op: Less
                  op_span:
                    start: Start
                    end: End
                  lhs:
                    data:
                      Local:
                        - 3
                        - start: Start
                          end: End
                    span:
                      start: Start
                      end: End
                  rhs:
                    data:
                      Local:
                        - 1
                        - start: Start
                          end: End
                    span:
                      start: Start
                      end: End
              span:
                start: Start
                end: End
            incr:
              data:
                Expr:
                  data:
                    Assign:
                      target:
                        Local:
                          - 3
                          - start: Start
                            end: End
                      value:
                        data:
                          Literal:
                            Integer: 1
                        span:
                          start: Start
                          end: End
                      kind: Add
                      op_span:
                        start: Start
                        end: End
                  span:
                    start: Start
                    end: End
              span:
                start: Start
                end: End
            body:
              data:
                Block:
                  - data:
                      For:
                        for_kw:
                          start: Start
                          end: End
                        init:
                          data:
                            Expr:
                              data:
                                Assign:
                                  target:
                                    Local:
                                      - 2
                                      - start: Start
                                        end: End
                                  value:
                                    data:
                                      BinaryOp:
                                        op: Sub
                                        op_span:
                                          start: Start
                                          end: End
                                        lhs:
                                          data:
                                            Local:
                                              - 1
                                              - start: Start
                                                end: End
                                          span:
                                            start: Start
                                            end: End
                                        rhs:
                                          data:
                                            Literal:
                                              Integer: 1
                                          span:
                                            start: Start
                                            end: End
                                    span:
                                      start: Start
                                      end: End
                                  kind: Normal
                                  op_span:
                                    start: Start
                                    end: End
                              span:
                                start: Start
                                end: End
                          span:
                            start: Start
                            end: End
                        cond:
                          data:
                            BinaryOp:
                              op: GreaterEq
                              op_span:
                                start: Start
                                end: End
                              lhs:
                                data:
                                  Local:
                                    - 2
                                    - start: Start
                                      end: End
                                span:
                                  start: Start
                                  end: End
                              rhs:
                                data:
                                  Literal:
                                    Integer: 0
                                span:
                                  start: Start
                                  end: End
                          span:
                            start: Start
                            end: End
                        incr:
                          data:
                            Expr:
                              data:
                                Assign:
                                  target:
                                    Local:
                                      - 2
                                      - start: Start
                                        end: End
                                  value:
                                    data:
                                      Literal:
                                        Integer: 1
                                    span:
                                      start: Start
                                      end: End
                                  kind: Sub
                                  op_span:
                                    start: Start
                                    end: End
                              span:
                                start: Start
                                end: End
                          span:
                            start: Start
                            end: End
                        body:
                          data:
                            Block:
                              - data:
                                  Expr:
                                    data:
                                      Assign:
                                        target:
                                          ArrayAccess:
                                            array:
                                              data:
                                                Local:
                                                  - 5
                                                  - start: Start
                                                    end: End
                                              span:
                                                start: Start
                                                end: End
                                            index:
                                              data:
                                                Local:
                                                  - 2
                                                  - start: Start
                                                    end: End
                                              span:
                                                start: Start
                                                end: End
                                            span:
                                              start: Start
                                              end: End
                                        value:
                                          data:
                                            BinaryOp:
                                              op: Add
                                              op_span:
                                                start: Start
                                                end: End
                                              lhs:
                                                data:
                                                  ArrayAccess:
                                                    array:
                                                      data:
                                                        Local:
                                                          - 5
                                                          - start: Start
                                                            end: End
                                                      span:
                                                        start: Start
                                                        end: End
                                                    index:
                                                      data:
                                                        Local:
                                                          - 2
                                                          - start: Start
                                                            end: End
                                                      span:
                                                        start: Start
                                                        end: End
                                                span:
                                                  start: Start
                                                  end: End
                                              rhs:
                                                data:
                                                  ArrayAccess:
                                                    array:
                                                      data:
                                                        Local:
                                                          - 4
                                                          - start: Start
                                                            end: End
                                                      span:
                                                        start: Start
                                                        end: End
                                                    index:
                                                      data:
                                                        Local:
                                                          - 2
                                                          - start: Start
                                                            end: End
                                                      span:
                                                        start: Start
                                                        end: End
                                                span:
                                                  start: Start
                                                  end: End
                                          span:
                                            start: Start
                                            end: End
                                        kind: Normal
                                        op_span:
                                          start: Start
                                          end: End
                                    span:
                                      start: Start
                                      end: End
                                span:
                                  start: Start
                                  end: End
                          span:
                            start: Start
                            end: End
                    span:
                      start: Start
                      end: End
              span:
                start: Start
                end: End
        span:
          start: Start
          end: End
      - data:
          Expr:
            data:
              FunctionCall:
                func:
                  Expr:
                    data:
                      Ident: print_array
                    span:
                      start: Start
                      end: End
                args:
                  - data:
                      Literal:
                        String: x
                    span:
                      start: Start
                      end: End
                  - data:
                      Local:
                        - 4
                        - start: Start
                          end: End
                    span:
                      start: Start
                      end: End
            span:
              start: Start
              end: End
        span:
          start: Start
          end: End
      - data:
          Expr:
            data:
              FunctionCall:
                func:
                  Expr:
                    data:
                      Ident: print_array
                    span:
                      start: Start
                      end: End
                args:
                  - data:
                      Literal:
                        String: y
                    span:
                      start: Start
                      end: End
                  - data:
                      Local:
                        - 5
                        - start: Start
                          end: End
                    span:
                      start: Start
                      end: End
            span:
              start: Start
              end: End
        span:
          start: Start
          end: End
      - data:
          Expr:
            data:
              FunctionCall:
                func:
                  Expr:
                    data:
                      Ident: print
                    span:
                      start: Start
                      end: End
                args:
                  - data:
                      BinaryOp:
                        op: Add
                        op_span:
                          start: Start
                          end: End
                        lhs:
                          data:
                            BinaryOp:
                              op: Add
                              op_span:
                                start: Start
                                end: End
                              lhs:
                                data:
                                  FunctionCall:
                                    func:
                                      FieldAccess:
                                        - data:
                                            ArrayAccess:
                                              array:
                                                data:
                                                  Local:
                                                    - 5
                                                    - start: Start
                                                      end: End
                                                span:
                                                  start: Start
                                                  end: End
                                              index:
                                                data:
                                                  Literal:
                                                    Integer: 0
                                                span:
                                                  start: Start
                                                  end: End
                                          span:
                                            start: Start
                                            end: End
                                        - - tostring
                                          - start: Start
                                            end: End
                                    args: []
                                span:
                                  start: Start
                                  end: End
                              rhs:
                                data:
                                  Literal:
                                    String: " "
                                span:
                                  start: Start
                                  end: End
                          span:
                            start: Start
                            end: End
                        rhs:
                          data:
                            ArrayAccess:
                              array:
                                data:
                                  Local:
                                    - 5
                                    - start: Start
                                      end: End
                                span:
                                  start: Start
                                  end: End
                              index:
                                data:
                                  BinaryOp:
                                    op: Sub
                                    op_span:
                                      start: Start
                                      end: End
                                    lhs:
                                      data:
                                        Local:
                                          - 1
                                          - start: Start
                                            end: End
                                      span:
                                        start: Start
                                        end: End
                                    rhs:
                                      data:
                                        Literal:
                                          Integer: 1
                                      span:
                                        start: Start
                                        end: End
                                span:
                                  start: Start
                                  end: End
                          span:
                            start: Start
                            end: End
                    span:
                      start: Start
                      end: End
            span:
              start: Start
              end: End
        span:
          start: Start
          end: End
  span:
    start: Start
    end: End
