---
source: squirrel_lang/src/parser/mod.rs
expression: actual_ast
---
keyword_span:
  start: Start
  end: End
arg_span:
  start: Start
  end: End
num_args: 0
default_expr: []
locals:
  - NamedReg: vargv
is_varargs: true
body:
  data:
    Block:
      - data:
          Expr:
            data:
              Assign:
                target:
                  Ident:
                    - a
                    - start: Start
                      end: End
                value:
                  data:
                    Literal:
                      String: a defined at root
                  span:
                    start: Start
                    end: End
                kind: NewSlot
                op_span:
                  start: Start
                  end: End
            span:
              start: Start
              end: End
        span:
          start: Start
          end: End
      - data:
          Expr:
            data:
              Assign:
                target:
                  Ident:
                    - fn_newslot
                    - start: Start
                      end: End
                value:
                  data:
                    FunctionDef:
                      keyword_span:
                        start: Start
                        end: End
                      arg_span:
                        start: Start
                        end: End
                      num_args: 0
                      default_expr: []
                      locals: []
                      is_varargs: false
                      body:
                        data:
                          Block:
                            - data:
                                Expr:
                                  data:
                                    Assign:
                                      target:
                                        Ident:
                                          - a
                                          - start: Start
                                            end: End
                                      value:
                                        data:
                                          Literal:
                                            String: a defined in fn_newslot
                                        span:
                                          start: Start
                                          end: End
                                      kind: NewSlot
                                      op_span:
                                        start: Start
                                        end: End
                                  span:
                                    start: Start
                                    end: End
                              span:
                                start: Start
                                end: End
                        span:
                          start: Start
                          end: End
                  span:
                    start: Start
                    end: End
                kind: NewSlot
                op_span:
                  start: Start
                  end: End
            span:
              start: Start
              end: End
        span:
          start: Start
          end: End
      - data:
          Expr:
            data:
              Assign:
                target:
                  Ident:
                    - fn_set
                    - start: Start
                      end: End
                value:
                  data:
                    FunctionDef:
                      keyword_span:
                        start: Start
                        end: End
                      arg_span:
                        start: Start
                        end: End
                      num_args: 0
                      default_expr: []
                      locals: []
                      is_varargs: false
                      body:
                        data:
                          Block:
                            - data:
                                Expr:
                                  data:
                                    Assign:
                                      target:
                                        Ident:
                                          - a
                                          - start: Start
                                            end: End
                                      value:
                                        data:
                                          Literal:
                                            String: a defined in fn_set
                                        span:
                                          start: Start
                                          end: End
                                      kind: Normal
                                      op_span:
                                        start: Start
                                        end: End
                                  span:
                                    start: Start
                                    end: End
                              span:
                                start: Start
                                end: End
                        span:
                          start: Start
                          end: End
                  span:
                    start: Start
                    end: End
                kind: NewSlot
                op_span:
                  start: Start
                  end: End
            span:
              start: Start
              end: End
        span:
          start: Start
          end: End
      - data:
          Expr:
            data:
              FunctionCall:
                func:
                  FieldAccess:
                    - data: Globals
                      span:
                        start: Start
                        end: End
                    - - print
                      - start: Start
                        end: End
                args:
                  - data:
                      BinaryOp:
                        op: Add
                        op_span:
                          start: Start
                          end: End
                        lhs:
                          data:
                            Ident: a
                          span:
                            start: Start
                            end: End
                        rhs:
                          data:
                            Literal:
                              String: "\n"
                          span:
                            start: Start
                            end: End
                    span:
                      start: Start
                      end: End
            span:
              start: Start
              end: End
        span:
          start: Start
          end: End
      - data:
          Expr:
            data:
              FunctionCall:
                func:
                  Expr:
                    data:
                      Ident: fn_newslot
                    span:
                      start: Start
                      end: End
                args: []
            span:
              start: Start
              end: End
        span:
          start: Start
          end: End
      - data:
          Expr:
            data:
              FunctionCall:
                func:
                  FieldAccess:
                    - data: Globals
                      span:
                        start: Start
                        end: End
                    - - print
                      - start: Start
                        end: End
                args:
                  - data:
                      BinaryOp:
                        op: Add
                        op_span:
                          start: Start
                          end: End
                        lhs:
                          data:
                            Ident: a
                          span:
                            start: Start
                            end: End
                        rhs:
                          data:
                            Literal:
                              String: "\n"
                          span:
                            start: Start
                            end: End
                    span:
                      start: Start
                      end: End
            span:
              start: Start
              end: End
        span:
          start: Start
          end: End
      - data:
          Expr:
            data:
              FunctionCall:
                func:
                  Expr:
                    data:
                      Ident: fn_set
                    span:
                      start: Start
                      end: End
                args: []
            span:
              start: Start
              end: End
        span:
          start: Start
          end: End
      - data:
          Expr:
            data:
              FunctionCall:
                func:
                  FieldAccess:
                    - data: Globals
                      span:
                        start: Start
                        end: End
                    - - print
                      - start: Start
                        end: End
                args:
                  - data:
                      BinaryOp:
                        op: Add
                        op_span:
                          start: Start
                          end: End
                        lhs:
                          data:
                            Ident: a
                          span:
                            start: Start
                            end: End
                        rhs:
                          data:
                            Literal:
                              String: "\n"
                          span:
                            start: Start
                            end: End
                    span:
                      start: Start
                      end: End
            span:
              start: Start
              end: End
        span:
          start: Start
          end: End
      - data:
          Expr:
            data:
              FunctionCall:
                func:
                  FieldAccess:
                    - data: Globals
                      span:
                        start: Start
                        end: End
                    - - print
                      - start: Start
                        end: End
                args:
                  - data:
                      Literal:
                        String: "\n"
                    span:
                      start: Start
                      end: End
            span:
              start: Start
              end: End
        span:
          start: Start
          end: End
      - data:
          Expr:
            data:
              Assign:
                target:
                  Ident:
                    - tab
                    - start: Start
                      end: End
                value:
                  data:
                    TableDecl:
                      - - data:
                            Literal:
                              String: b
                          span:
                            start: Start
                            end: End
                        - data:
                            Literal:
                              String: b defined in tab
                          span:
                            start: Start
                            end: End
                      - - data:
                            Literal:
                              String: fn_newslot
                          span:
                            start: Start
                            end: End
                        - data:
                            FunctionDef:
                              keyword_span:
                                start: Start
                                end: End
                              arg_span:
                                start: Start
                                end: End
                              num_args: 0
                              default_expr: []
                              locals: []
                              is_varargs: false
                              body:
                                data:
                                  Block:
                                    - data:
                                        Expr:
                                          data:
                                            Assign:
                                              target:
                                                Ident:
                                                  - b
                                                  - start: Start
                                                    end: End
                                              value:
                                                data:
                                                  Literal:
                                                    String: b defined in tab.fn_newslot
                                                span:
                                                  start: Start
                                                  end: End
                                              kind: NewSlot
                                              op_span:
                                                start: Start
                                                end: End
                                          span:
                                            start: Start
                                            end: End
                                      span:
                                        start: Start
                                        end: End
                                span:
                                  start: Start
                                  end: End
                          span:
                            start: Start
                            end: End
                      - - data:
                            Literal:
                              String: fn_set
                          span:
                            start: Start
                            end: End
                        - data:
                            FunctionDef:
                              keyword_span:
                                start: Start
                                end: End
                              arg_span:
                                start: Start
                                end: End
                              num_args: 0
                              default_expr: []
                              locals: []
                              is_varargs: false
                              body:
                                data:
                                  Block:
                                    - data:
                                        Expr:
                                          data:
                                            Assign:
                                              target:
                                                Ident:
                                                  - b
                                                  - start: Start
                                                    end: End
                                              value:
                                                data:
                                                  Literal:
                                                    String: b defined in tab.fn_set
                                                span:
                                                  start: Start
                                                  end: End
                                              kind: Normal
                                              op_span:
                                                start: Start
                                                end: End
                                          span:
                                            start: Start
                                            end: End
                                      span:
                                        start: Start
                                        end: End
                                span:
                                  start: Start
                                  end: End
                          span:
                            start: Start
                            end: End
                  span:
                    start: Start
                    end: End
                kind: NewSlot
                op_span:
                  start: Start
                  end: End
            span:
              start: Start
              end: End
        span:
          start: Start
          end: End
      - data:
          Expr:
            data:
              FunctionCall:
                func:
                  FieldAccess:
                    - data: Globals
                      span:
                        start: Start
                        end: End
                    - - print
                      - start: Start
                        end: End
                args:
                  - data:
                      BinaryOp:
                        op: Add
                        op_span:
                          start: Start
                          end: End
                        lhs:
                          data:
                            FieldAccess:
                              - data:
                                  Ident: tab
                                span:
                                  start: Start
                                  end: End
                              - - b
                                - start: Start
                                  end: End
                          span:
                            start: Start
                            end: End
                        rhs:
                          data:
                            Literal:
                              String: "\n"
                          span:
                            start: Start
                            end: End
                    span:
                      start: Start
                      end: End
            span:
              start: Start
              end: End
        span:
          start: Start
          end: End
      - data:
          Expr:
            data:
              FunctionCall:
                func:
                  FieldAccess:
                    - data:
                        Ident: tab
                      span:
                        start: Start
                        end: End
                    - - fn_newslot
                      - start: Start
                        end: End
                args: []
            span:
              start: Start
              end: End
        span:
          start: Start
          end: End
      - data:
          Expr:
            data:
              FunctionCall:
                func:
                  FieldAccess:
                    - data: Globals
                      span:
                        start: Start
                        end: End
                    - - print
                      - start: Start
                        end: End
                args:
                  - data:
                      BinaryOp:
                        op: Add
                        op_span:
                          start: Start
                          end: End
                        lhs:
                          data:
                            FieldAccess:
                              - data:
                                  Ident: tab
                                span:
                                  start: Start
                                  end: End
                              - - b
                                - start: Start
                                  end: End
                          span:
                            start: Start
                            end: End
                        rhs:
                          data:
                            Literal:
                              String: "\n"
                          span:
                            start: Start
                            end: End
                    span:
                      start: Start
                      end: End
            span:
              start: Start
              end: End
        span:
          start: Start
          end: End
      - data:
          Expr:
            data:
              FunctionCall:
                func:
                  FieldAccess:
                    - data:
                        Ident: tab
                      span:
                        start: Start
                        end: End
                    - - fn_set
                      - start: Start
                        end: End
                args: []
            span:
              start: Start
              end: End
        span:
          start: Start
          end: End
      - data:
          Expr:
            data:
              FunctionCall:
                func:
                  FieldAccess:
                    - data: Globals
                      span:
                        start: Start
                        end: End
                    - - print
                      - start: Start
                        end: End
                args:
                  - data:
                      BinaryOp:
                        op: Add
                        op_span:
                          start: Start
                          end: End
                        lhs:
                          data:
                            FieldAccess:
                              - data:
                                  Ident: tab
                                span:
                                  start: Start
                                  end: End
                              - - b
                                - start: Start
                                  end: End
                          span:
                            start: Start
                            end: End
                        rhs:
                          data:
                            Literal:
                              String: "\n"
                          span:
                            start: Start
                            end: End
                    span:
                      start: Start
                      end: End
            span:
              start: Start
              end: End
        span:
          start: Start
          end: End
      - data:
          Expr:
            data:
              FunctionCall:
                func:
                  FieldAccess:
                    - data: Globals
                      span:
                        start: Start
                        end: End
                    - - print
                      - start: Start
                        end: End
                args:
                  - data:
                      Literal:
                        String: "\n"
                    span:
                      start: Start
                      end: End
            span:
              start: Start
              end: End
        span:
          start: Start
          end: End
      - data:
          Expr:
            data:
              Assign:
                target:
                  Ident:
                    - c
                    - start: Start
                      end: End
                value:
                  data:
                    Literal:
                      String: c defined at root
                  span:
                    start: Start
                    end: End
                kind: NewSlot
                op_span:
                  start: Start
                  end: End
            span:
              start: Start
              end: End
        span:
          start: Start
          end: End
      - data:
          Expr:
            data:
              Assign:
                target:
                  Ident:
                    - tab2
                    - start: Start
                      end: End
                value:
                  data:
                    TableDecl:
                      - - data:
                            Literal:
                              String: fn_newslot
                          span:
                            start: Start
                            end: End
                        - data:
                            FunctionDef:
                              keyword_span:
                                start: Start
                                end: End
                              arg_span:
                                start: Start
                                end: End
                              num_args: 0
                              default_expr: []
                              locals: []
                              is_varargs: false
                              body:
                                data:
                                  Block:
                                    - data:
                                        Expr:
                                          data:
                                            Assign:
                                              target:
                                                Ident:
                                                  - c
                                                  - start: Start
                                                    end: End
                                              value:
                                                data:
                                                  Literal:
                                                    String: c defined in tab2.fn_newslot
                                                span:
                                                  start: Start
                                                  end: End
                                              kind: NewSlot
                                              op_span:
                                                start: Start
                                                end: End
                                          span:
                                            start: Start
                                            end: End
                                      span:
                                        start: Start
                                        end: End
                                span:
                                  start: Start
                                  end: End
                          span:
                            start: Start
                            end: End
                      - - data:
                            Literal:
                              String: fn_set
                          span:
                            start: Start
                            end: End
                        - data:
                            FunctionDef:
                              keyword_span:
                                start: Start
                                end: End
                              arg_span:
                                start: Start
                                end: End
                              num_args: 0
                              default_expr: []
                              locals: []
                              is_varargs: false
                              body:
                                data:
                                  Block:
                                    - data:
                                        Expr:
                                          data:
                                            Assign:
                                              target:
                                                Ident:
                                                  - c
                                                  - start: Start
                                                    end: End
                                              value:
                                                data:
                                                  Literal:
                                                    String: c defined in tab2.fn_set
                                                span:
                                                  start: Start
                                                  end: End
                                              kind: Normal
                                              op_span:
                                                start: Start
                                                end: End
                                          span:
                                            start: Start
                                            end: End
                                      span:
                                        start: Start
                                        end: End
                                span:
                                  start: Start
                                  end: End
                          span:
                            start: Start
                            end: End
                      - - data:
                            Literal:
                              String: fn_this
                          span:
                            start: Start
                            end: End
                        - data:
                            FunctionDef:
                              keyword_span:
                                start: Start
                                end: End
                              arg_span:
                                start: Start
                                end: End
                              num_args: 0
                              default_expr: []
                              locals: []
                              is_varargs: false
                              body:
                                data:
                                  Block:
                                    - data:
                                        Expr:
                                          data:
                                            Assign:
                                              target:
                                                FieldAccess:
                                                  - data: This
                                                    span:
                                                      start: Start
                                                      end: End
                                                  - - c
                                                    - start: Start
                                                      end: End
                                              value:
                                                data:
                                                  Literal:
                                                    String: c defined in tab2.fn_this
                                                span:
                                                  start: Start
                                                  end: End
                                              kind: NewSlot
                                              op_span:
                                                start: Start
                                                end: End
                                          span:
                                            start: Start
                                            end: End
                                      span:
                                        start: Start
                                        end: End
                                span:
                                  start: Start
                                  end: End
                          span:
                            start: Start
                            end: End
                      - - data:
                            Literal:
                              String: insane
                          span:
                            start: Start
                            end: End
                        - data:
                            FunctionDef:
                              keyword_span:
                                start: Start
                                end: End
                              arg_span:
                                start: Start
                                end: End
                              num_args: 0
                              default_expr: []
                              locals: []
                              is_varargs: false
                              body:
                                data:
                                  Block:
                                    - data:
                                        Expr:
                                          data:
                                            FunctionCall:
                                              func:
                                                FieldAccess:
                                                  - data: Globals
                                                    span:
                                                      start: Start
                                                      end: End
                                                  - - print
                                                    - start: Start
                                                      end: End
                                              args:
                                                - data:
                                                    BinaryOp:
                                                      op: Add
                                                      op_span:
                                                        start: Start
                                                        end: End
                                                      lhs:
                                                        data:
                                                          BinaryOp:
                                                            op: Add
                                                            op_span:
                                                              start: Start
                                                              end: End
                                                            lhs:
                                                              data:
                                                                Literal:
                                                                  String: "insane: "
                                                              span:
                                                                start: Start
                                                                end: End
                                                            rhs:
                                                              data:
                                                                Ident: c
                                                              span:
                                                                start: Start
                                                                end: End
                                                        span:
                                                          start: Start
                                                          end: End
                                                      rhs:
                                                        data:
                                                          Literal:
                                                            String: "\n"
                                                        span:
                                                          start: Start
                                                          end: End
                                                  span:
                                                    start: Start
                                                    end: End
                                          span:
                                            start: Start
                                            end: End
                                      span:
                                        start: Start
                                        end: End
                                span:
                                  start: Start
                                  end: End
                          span:
                            start: Start
                            end: End
                  span:
                    start: Start
                    end: End
                kind: NewSlot
                op_span:
                  start: Start
                  end: End
            span:
              start: Start
              end: End
        span:
          start: Start
          end: End
      - data:
          Expr:
            data:
              FunctionCall:
                func:
                  FieldAccess:
                    - data: Globals
                      span:
                        start: Start
                        end: End
                    - - print
                      - start: Start
                        end: End
                args:
                  - data:
                      BinaryOp:
                        op: Add
                        op_span:
                          start: Start
                          end: End
                        lhs:
                          data:
                            Ident: c
                          span:
                            start: Start
                            end: End
                        rhs:
                          data:
                            Literal:
                              String: "\n"
                          span:
                            start: Start
                            end: End
                    span:
                      start: Start
                      end: End
            span:
              start: Start
              end: End
        span:
          start: Start
          end: End
      - data:
          Expr:
            data:
              FunctionCall:
                func:
                  FieldAccess:
                    - data:
                        Ident: tab2
                      span:
                        start: Start
                        end: End
                    - - insane
                      - start: Start
                        end: End
                args: []
            span:
              start: Start
              end: End
        span:
          start: Start
          end: End
      - data:
          Expr:
            data:
              FunctionCall:
                func:
                  FieldAccess:
                    - data:
                        Ident: tab2
                      span:
                        start: Start
                        end: End
                    - - fn_newslot
                      - start: Start
                        end: End
                args: []
            span:
              start: Start
              end: End
        span:
          start: Start
          end: End
      - data:
          Expr:
            data:
              FunctionCall:
                func:
                  FieldAccess:
                    - data: Globals
                      span:
                        start: Start
                        end: End
                    - - print
                      - start: Start
                        end: End
                args:
                  - data:
                      BinaryOp:
                        op: Add
                        op_span:
                          start: Start
                          end: End
                        lhs:
                          data:
                            Ident: c
                          span:
                            start: Start
                            end: End
                        rhs:
                          data:
                            Literal:
                              String: "\n"
                          span:
                            start: Start
                            end: End
                    span:
                      start: Start
                      end: End
            span:
              start: Start
              end: End
        span:
          start: Start
          end: End
      - data:
          Expr:
            data:
              FunctionCall:
                func:
                  FieldAccess:
                    - data:
                        Ident: tab2
                      span:
                        start: Start
                        end: End
                    - - insane
                      - start: Start
                        end: End
                args: []
            span:
              start: Start
              end: End
        span:
          start: Start
          end: End
      - data:
          Expr:
            data:
              FunctionCall:
                func:
                  FieldAccess:
                    - data:
                        Ident: tab2
                      span:
                        start: Start
                        end: End
                    - - fn_set
                      - start: Start
                        end: End
                args: []
            span:
              start: Start
              end: End
        span:
          start: Start
          end: End
      - data:
          Expr:
            data:
              FunctionCall:
                func:
                  FieldAccess:
                    - data: Globals
                      span:
                        start: Start
                        end: End
                    - - print
                      - start: Start
                        end: End
                args:
                  - data:
                      BinaryOp:
                        op: Add
                        op_span:
                          start: Start
                          end: End
                        lhs:
                          data:
                            Ident: c
                          span:
                            start: Start
                            end: End
                        rhs:
                          data:
                            Literal:
                              String: "\n"
                          span:
                            start: Start
                            end: End
                    span:
                      start: Start
                      end: End
            span:
              start: Start
              end: End
        span:
          start: Start
          end: End
      - data:
          Expr:
            data:
              FunctionCall:
                func:
                  FieldAccess:
                    - data:
                        Ident: tab2
                      span:
                        start: Start
                        end: End
                    - - insane
                      - start: Start
                        end: End
                args: []
            span:
              start: Start
              end: End
        span:
          start: Start
          end: End
      - data:
          Expr:
            data:
              FunctionCall:
                func:
                  FieldAccess:
                    - data:
                        Ident: tab2
                      span:
                        start: Start
                        end: End
                    - - fn_this
                      - start: Start
                        end: End
                args: []
            span:
              start: Start
              end: End
        span:
          start: Start
          end: End
      - data:
          Expr:
            data:
              FunctionCall:
                func:
                  FieldAccess:
                    - data: Globals
                      span:
                        start: Start
                        end: End
                    - - print
                      - start: Start
                        end: End
                args:
                  - data:
                      BinaryOp:
                        op: Add
                        op_span:
                          start: Start
                          end: End
                        lhs:
                          data:
                            Ident: c
                          span:
                            start: Start
                            end: End
                        rhs:
                          data:
                            Literal:
                              String: "\n"
                          span:
                            start: Start
                            end: End
                    span:
                      start: Start
                      end: End
            span:
              start: Start
              end: End
        span:
          start: Start
          end: End
      - data:
          Expr:
            data:
              FunctionCall:
                func:
                  FieldAccess:
                    - data:
                        Ident: tab2
                      span:
                        start: Start
                        end: End
                    - - insane
                      - start: Start
                        end: End
                args: []
            span:
              start: Start
              end: End
        span:
          start: Start
          end: End
      - data:
          Expr:
            data:
              FunctionCall:
                func:
                  FieldAccess:
                    - data: Globals
                      span:
                        start: Start
                        end: End
                    - - print
                      - start: Start
                        end: End
                args:
                  - data:
                      Literal:
                        String: "\n"
                    span:
                      start: Start
                      end: End
            span:
              start: Start
              end: End
        span:
          start: Start
          end: End
      - data:
          Expr:
            data:
              Assign:
                target:
                  Ident:
                    - del
                    - start: Start
                      end: End
                value:
                  data:
                    TableDecl:
                      - - data:
                            Literal:
                              String: d
                          span:
                            start: Start
                            end: End
                        - data:
                            Literal:
                              String: d defined in del
                          span:
                            start: Start
                            end: End
                  span:
                    start: Start
                    end: End
                kind: NewSlot
                op_span:
                  start: Start
                  end: End
            span:
              start: Start
              end: End
        span:
          start: Start
          end: End
      - data:
          Expr:
            data:
              Assign:
                target:
                  Ident:
                    - inst
                    - start: Start
                      end: End
                value:
                  data:
                    TableDecl:
                      - - data:
                            Literal:
                              String: fn_newslot
                          span:
                            start: Start
                            end: End
                        - data:
                            FunctionDef:
                              keyword_span:
                                start: Start
                                end: End
                              arg_span:
                                start: Start
                                end: End
                              num_args: 0
                              default_expr: []
                              locals: []
                              is_varargs: false
                              body:
                                data:
                                  Block:
                                    - data:
                                        Expr:
                                          data:
                                            Assign:
                                              target:
                                                Ident:
                                                  - d
                                                  - start: Start
                                                    end: End
                                              value:
                                                data:
                                                  Literal:
                                                    String: d defined in inst.fn_newslot
                                                span:
                                                  start: Start
                                                  end: End
                                              kind: NewSlot
                                              op_span:
                                                start: Start
                                                end: End
                                          span:
                                            start: Start
                                            end: End
                                      span:
                                        start: Start
                                        end: End
                                span:
                                  start: Start
                                  end: End
                          span:
                            start: Start
                            end: End
                      - - data:
                            Literal:
                              String: fn_set
                          span:
                            start: Start
                            end: End
                        - data:
                            FunctionDef:
                              keyword_span:
                                start: Start
                                end: End
                              arg_span:
                                start: Start
                                end: End
                              num_args: 0
                              default_expr: []
                              locals: []
                              is_varargs: false
                              body:
                                data:
                                  Block:
                                    - data:
                                        Expr:
                                          data:
                                            Assign:
                                              target:
                                                Ident:
                                                  - d
                                                  - start: Start
                                                    end: End
                                              value:
                                                data:
                                                  Literal:
                                                    String: d defined in inst.fn_set
                                                span:
                                                  start: Start
                                                  end: End
                                              kind: Normal
                                              op_span:
                                                start: Start
                                                end: End
                                          span:
                                            start: Start
                                            end: End
                                      span:
                                        start: Start
                                        end: End
                                span:
                                  start: Start
                                  end: End
                          span:
                            start: Start
                            end: End
                      - - data:
                            Literal:
                              String: fn_this
                          span:
                            start: Start
                            end: End
                        - data:
                            FunctionDef:
                              keyword_span:
                                start: Start
                                end: End
                              arg_span:
                                start: Start
                                end: End
                              num_args: 0
                              default_expr: []
                              locals: []
                              is_varargs: false
                              body:
                                data:
                                  Block:
                                    - data:
                                        Expr:
                                          data:
                                            Assign:
                                              target:
                                                FieldAccess:
                                                  - data: This
                                                    span:
                                                      start: Start
                                                      end: End
                                                  - - d
                                                    - start: Start
                                                      end: End
                                              value:
                                                data:
                                                  Literal:
                                                    String: d defined in inst.fn_this
                                                span:
                                                  start: Start
                                                  end: End
                                              kind: NewSlot
                                              op_span:
                                                start: Start
                                                end: End
                                          span:
                                            start: Start
                                            end: End
                                      span:
                                        start: Start
                                        end: End
                                span:
                                  start: Start
                                  end: End
                          span:
                            start: Start
                            end: End
                  span:
                    start: Start
                    end: End
                kind: NewSlot
                op_span:
                  start: Start
                  end: End
            span:
              start: Start
              end: End
        span:
          start: Start
          end: End
      - data:
          Expr:
            data:
              FunctionCall:
                func:
                  FieldAccess:
                    - data:
                        Ident: inst
                      span:
                        start: Start
                        end: End
                    - - setdelegate
                      - start: Start
                        end: End
                args:
                  - data:
                      Ident: del
                    span:
                      start: Start
                      end: End
            span:
              start: Start
              end: End
        span:
          start: Start
          end: End
      - data:
          Expr:
            data:
              FunctionCall:
                func:
                  FieldAccess:
                    - data: Globals
                      span:
                        start: Start
                        end: End
                    - - print
                      - start: Start
                        end: End
                args:
                  - data:
                      BinaryOp:
                        op: Add
                        op_span:
                          start: Start
                          end: End
                        lhs:
                          data:
                            BinaryOp:
                              op: Add
                              op_span:
                                start: Start
                                end: End
                              lhs:
                                data:
                                  Literal:
                                    String: " del.d: "
                                span:
                                  start: Start
                                  end: End
                              rhs:
                                data:
                                  FieldAccess:
                                    - data:
                                        Ident: del
                                      span:
                                        start: Start
                                        end: End
                                    - - d
                                      - start: Start
                                        end: End
                                span:
                                  start: Start
                                  end: End
                          span:
                            start: Start
                            end: End
                        rhs:
                          data:
                            Literal:
                              String: "\n"
                          span:
                            start: Start
                            end: End
                    span:
                      start: Start
                      end: End
            span:
              start: Start
              end: End
        span:
          start: Start
          end: End
      - data:
          Expr:
            data:
              FunctionCall:
                func:
                  FieldAccess:
                    - data: Globals
                      span:
                        start: Start
                        end: End
                    - - print
                      - start: Start
                        end: End
                args:
                  - data:
                      BinaryOp:
                        op: Add
                        op_span:
                          start: Start
                          end: End
                        lhs:
                          data:
                            BinaryOp:
                              op: Add
                              op_span:
                                start: Start
                                end: End
                              lhs:
                                data:
                                  Literal:
                                    String: "inst.d: "
                                span:
                                  start: Start
                                  end: End
                              rhs:
                                data:
                                  FieldAccess:
                                    - data:
                                        Ident: inst
                                      span:
                                        start: Start
                                        end: End
                                    - - d
                                      - start: Start
                                        end: End
                                span:
                                  start: Start
                                  end: End
                          span:
                            start: Start
                            end: End
                        rhs:
                          data:
                            Literal:
                              String: "\n"
                          span:
                            start: Start
                            end: End
                    span:
                      start: Start
                      end: End
            span:
              start: Start
              end: End
        span:
          start: Start
          end: End
      - data:
          Expr:
            data:
              FunctionCall:
                func:
                  FieldAccess:
                    - data:
                        Ident: inst
                      span:
                        start: Start
                        end: End
                    - - fn_set
                      - start: Start
                        end: End
                args: []
            span:
              start: Start
              end: End
        span:
          start: Start
          end: End
      - data:
          Expr:
            data:
              FunctionCall:
                func:
                  FieldAccess:
                    - data: Globals
                      span:
                        start: Start
                        end: End
                    - - print
                      - start: Start
                        end: End
                args:
                  - data:
                      BinaryOp:
                        op: Add
                        op_span:
                          start: Start
                          end: End
                        lhs:
                          data:
                            BinaryOp:
                              op: Add
                              op_span:
                                start: Start
                                end: End
                              lhs:
                                data:
                                  Literal:
                                    String: " del.d: "
                                span:
                                  start: Start
                                  end: End
                              rhs:
                                data:
                                  FieldAccess:
                                    - data:
                                        Ident: del
                                      span:
                                        start: Start
                                        end: End
                                    - - d
                                      - start: Start
                                        end: End
                                span:
                                  start: Start
                                  end: End
                          span:
                            start: Start
                            end: End
                        rhs:
                          data:
                            Literal:
                              String: "\n"
                          span:
                            start: Start
                            end: End
                    span:
                      start: Start
                      end: End
            span:
              start: Start
              end: End
        span:
          start: Start
          end: End
      - data:
          Expr:
            data:
              FunctionCall:
                func:
                  FieldAccess:
                    - data: Globals
                      span:
                        start: Start
                        end: End
                    - - print
                      - start: Start
                        end: End
                args:
                  - data:
                      BinaryOp:
                        op: Add
                        op_span:
                          start: Start
                          end: End
                        lhs:
                          data:
                            BinaryOp:
                              op: Add
                              op_span:
                                start: Start
                                end: End
                              lhs:
                                data:
                                  Literal:
                                    String: "inst.d: "
                                span:
                                  start: Start
                                  end: End
                              rhs:
                                data:
                                  FieldAccess:
                                    - data:
                                        Ident: inst
                                      span:
                                        start: Start
                                        end: End
                                    - - d
                                      - start: Start
                                        end: End
                                span:
                                  start: Start
                                  end: End
                          span:
                            start: Start
                            end: End
                        rhs:
                          data:
                            Literal:
                              String: "\n"
                          span:
                            start: Start
                            end: End
                    span:
                      start: Start
                      end: End
            span:
              start: Start
              end: End
        span:
          start: Start
          end: End
      - data:
          Expr:
            data:
              FunctionCall:
                func:
                  FieldAccess:
                    - data:
                        Ident: inst
                      span:
                        start: Start
                        end: End
                    - - fn_newslot
                      - start: Start
                        end: End
                args: []
            span:
              start: Start
              end: End
        span:
          start: Start
          end: End
      - data:
          Expr:
            data:
              FunctionCall:
                func:
                  FieldAccess:
                    - data: Globals
                      span:
                        start: Start
                        end: End
                    - - print
                      - start: Start
                        end: End
                args:
                  - data:
                      BinaryOp:
                        op: Add
                        op_span:
                          start: Start
                          end: End
                        lhs:
                          data:
                            BinaryOp:
                              op: Add
                              op_span:
                                start: Start
                                end: End
                              lhs:
                                data:
                                  Literal:
                                    String: " del.d: "
                                span:
                                  start: Start
                                  end: End
                              rhs:
                                data:
                                  FieldAccess:
                                    - data:
                                        Ident: del
                                      span:
                                        start: Start
                                        end: End
                                    - - d
                                      - start: Start
                                        end: End
                                span:
                                  start: Start
                                  end: End
                          span:
                            start: Start
                            end: End
                        rhs:
                          data:
                            Literal:
                              String: "\n"
                          span:
                            start: Start
                            end: End
                    span:
                      start: Start
                      end: End
            span:
              start: Start
              end: End
        span:
          start: Start
          end: End
      - data:
          Expr:
            data:
              FunctionCall:
                func:
                  FieldAccess:
                    - data: Globals
                      span:
                        start: Start
                        end: End
                    - - print
                      - start: Start
                        end: End
                args:
                  - data:
                      BinaryOp:
                        op: Add
                        op_span:
                          start: Start
                          end: End
                        lhs:
                          data:
                            BinaryOp:
                              op: Add
                              op_span:
                                start: Start
                                end: End
                              lhs:
                                data:
                                  Literal:
                                    String: "inst.d: "
                                span:
                                  start: Start
                                  end: End
                              rhs:
                                data:
                                  FieldAccess:
                                    - data:
                                        Ident: inst
                                      span:
                                        start: Start
                                        end: End
                                    - - d
                                      - start: Start
                                        end: End
                                span:
                                  start: Start
                                  end: End
                          span:
                            start: Start
                            end: End
                        rhs:
                          data:
                            Literal:
                              String: "\n"
                          span:
                            start: Start
                            end: End
                    span:
                      start: Start
                      end: End
            span:
              start: Start
              end: End
        span:
          start: Start
          end: End
      - data:
          Expr:
            data:
              FunctionCall:
                func:
                  FieldAccess:
                    - data:
                        Ident: inst
                      span:
                        start: Start
                        end: End
                    - - fn_this
                      - start: Start
                        end: End
                args: []
            span:
              start: Start
              end: End
        span:
          start: Start
          end: End
      - data:
          Expr:
            data:
              FunctionCall:
                func:
                  FieldAccess:
                    - data: Globals
                      span:
                        start: Start
                        end: End
                    - - print
                      - start: Start
                        end: End
                args:
                  - data:
                      BinaryOp:
                        op: Add
                        op_span:
                          start: Start
                          end: End
                        lhs:
                          data:
                            BinaryOp:
                              op: Add
                              op_span:
                                start: Start
                                end: End
                              lhs:
                                data:
                                  Literal:
                                    String: " del.d: "
                                span:
                                  start: Start
                                  end: End
                              rhs:
                                data:
                                  FieldAccess:
                                    - data:
                                        Ident: del
                                      span:
                                        start: Start
                                        end: End
                                    - - d
                                      - start: Start
                                        end: End
                                span:
                                  start: Start
                                  end: End
                          span:
                            start: Start
                            end: End
                        rhs:
                          data:
                            Literal:
                              String: "\n"
                          span:
                            start: Start
                            end: End
                    span:
                      start: Start
                      end: End
            span:
              start: Start
              end: End
        span:
          start: Start
          end: End
      - data:
          Expr:
            data:
              FunctionCall:
                func:
                  FieldAccess:
                    - data: Globals
                      span:
                        start: Start
                        end: End
                    - - print
                      - start: Start
                        end: End
                args:
                  - data:
                      BinaryOp:
                        op: Add
                        op_span:
                          start: Start
                          end: End
                        lhs:
                          data:
                            BinaryOp:
                              op: Add
                              op_span:
                                start: Start
                                end: End
                              lhs:
                                data:
                                  Literal:
                                    String: "inst.d: "
                                span:
                                  start: Start
                                  end: End
                              rhs:
                                data:
                                  FieldAccess:
                                    - data:
                                        Ident: inst
                                      span:
                                        start: Start
                                        end: End
                                    - - d
                                      - start: Start
                                        end: End
                                span:
                                  start: Start
                                  end: End
                          span:
                            start: Start
                            end: End
                        rhs:
                          data:
                            Literal:
                              String: "\n"
                          span:
                            start: Start
                            end: End
                    span:
                      start: Start
                      end: End
            span:
              start: Start
              end: End
        span:
          start: Start
          end: End
  span:
    start: Start
    end: End
